2026-05-02T00:18:59.942+08:00 [INFO] {cba96380627dab1823111e37e5395091} /home/yyr/go/src/rs-admin/internal/cmd/cmd.go:26: 
   ____________           __ 
  / ____/ ____/___ ______/ /_
 / / __/ /_  / __ `/ ___/ __/
/ /_/ / __/ / /_/ (__  ) /_  
\____/_/    \__,_/____/\__/   Version: 3.3.11
2026-05-02T00:18:59.963+08:00 [DEBU] /home/yyr/go/src/rs-admin/library/libWebsocket/init.go:20: start websocket..
2026-05-02T01:13:42.814+08:00 [INFO] {6452d2da5e80ab1873b1770140dba131} /home/yyr/go/src/rs-admin/internal/cmd/cmd.go:26: 
   ____________           __ 
  / ____/ ____/___ ______/ /_
 / / __/ /_  / __ `/ ___/ __/
/ /_/ / __/ / /_/ (__  ) /_  
\____/_/    \__,_/____/\__/   Version: 3.3.11
2026-05-02T01:13:42.825+08:00 [DEBU] /home/yyr/go/src/rs-admin/library/libWebsocket/init.go:20: start websocket..
2026-05-02T01:17:37.088+08:00 [INFO] /home/yyr/go/src/rs-admin/library/libWebsocket/client.go:83: websocket client quit, user:&{LoginUserRes:0xc001232d80}
2026-05-02T01:18:31.818+08:00 [INFO] /home/yyr/go/src/rs-admin/library/libWebsocket/client.go:83: websocket client quit, user:&{LoginUserRes:0xc0011f8080}
2026-05-02T01:18:48.522+08:00 [INFO] /home/yyr/go/src/rs-admin/library/libWebsocket/client.go:83: websocket client quit, user:&{LoginUserRes:0xc000b6ef00}
2026-05-02T01:23:03.687+08:00 [INFO] /home/yyr/go/src/rs-admin/library/libWebsocket/client.go:83: websocket client quit, user:&{LoginUserRes:0xc000b6f200}
2026-05-02T01:23:26.475+08:00 [INFO] /home/yyr/go/src/rs-admin/library/libWebsocket/client.go:83: websocket client quit, user:&{LoginUserRes:0xc000b6f380}
2026-05-02T01:24:06.097+08:00 [INFO] /home/yyr/go/src/rs-admin/library/libWebsocket/client.go:83: websocket client quit, user:&{LoginUserRes:0xc000b6f480}
2026-05-02T01:25:25.625+08:00 [INFO] /home/yyr/go/src/rs-admin/library/libWebsocket/client.go:83: websocket client quit, user:&{LoginUserRes:0xc000b6ef80}
2026-05-02T01:45:14.279+08:00 [INFO] /home/yyr/go/src/rs-admin/library/libWebsocket/client.go:83: websocket client quit, user:&{LoginUserRes:0xc000b6f580}
