2026-05-06T00:07:43.031+08:00 [INFO] /home/yyr/go/src/rs-admin/library/libWebsocket/client.go:83: websocket client quit, user:&{LoginUserRes:0xc000ba8980}
2026-05-06T00:15:26.648+08:00 [INFO] /home/yyr/go/src/rs-admin/library/libWebsocket/client.go:83: websocket client quit, user:&{LoginUserRes:0xc000948100}
2026-05-06T00:21:43.380+08:00 [INFO] /home/yyr/go/src/rs-admin/library/libWebsocket/client.go:83: websocket client quit, user:&{LoginUserRes:0xc0014a4400}
2026-05-06T00:31:13.648+08:00 [INFO] /home/yyr/go/src/rs-admin/library/libWebsocket/client.go:83: websocket client quit, user:&{LoginUserRes:0xc000264280}
2026-05-06T00:41:11.723+08:00 [INFO] /home/yyr/go/src/rs-admin/library/libWebsocket/client.go:83: websocket client quit, user:&{LoginUserRes:0xc000265280}
2026-05-06T00:49:19.914+08:00 [INFO] /home/yyr/go/src/rs-admin/library/libWebsocket/client.go:83: websocket client quit, user:&{LoginUserRes:0xc000948280}
2026-05-06T01:02:56.982+08:00 [INFO] /home/yyr/go/src/rs-admin/library/libWebsocket/client.go:83: websocket client quit, user:&{LoginUserRes:0xc000b3e300}
2026-05-06T01:13:13.188+08:00 [INFO] /home/yyr/go/src/rs-admin/library/libWebsocket/client.go:83: websocket client quit, user:&{LoginUserRes:0xc000948000}
2026-05-06T01:17:36.957+08:00 [INFO] mqueue service is running
2026-05-06T01:17:36.959+08:00 [INFO] {fcc22fa4e7baac18b643586e415e3743} /home/yyr/go/src/rs-admin/internal/cmd/cmd.go:26: 
    ____  _____       ___       __          _     
   / __ \/ ___/      /   | ____/ /___ ___  (_)___ 
  / /_/ /\__ \______/ /| |/ __  / __ `__ \/ / __ \
 / _, _/___/ /_____/ ___ / /_/ / / / / / / / / / /
/_/ |_|/____/     /_/  |_\__,_/_/ /_/ /_/_/_/ /_/ 
Version: 3.3.11
2026-05-06T01:17:36.968+08:00 [DEBU] /home/yyr/go/src/rs-admin/library/libWebsocket/init.go:20: start websocket..
2026-05-06T01:19:15.255+08:00 [INFO] mqueue service is running
2026-05-06T01:19:15.257+08:00 [INFO] {59be3687febaac1846c987366674c02d} /home/yyr/go/src/rs-admin/internal/cmd/cmd.go:26: 
    ____  _____       ___       __          _     
   / __ \/ ___/      /   | ____/ /___ ___  (_)___ 
  / /_/ /\__ \______/ /| |/ __  / __ `__ \/ / __ \
 / _, _/___/ /_____/ ___ / /_/ / / / / / / / / / /
/_/ |_|/____/     /_/  |_\__,_/_/ /_/ /_/_/_/ /_/ 
Version: 3.3.11
2026-05-06T01:19:15.265+08:00 [DEBU] /home/yyr/go/src/rs-admin/library/libWebsocket/init.go:20: start websocket..
2026-05-06T01:19:48.683+08:00 [INFO] /home/yyr/go/src/rs-admin/library/libWebsocket/client.go:83: websocket client quit, user:&{LoginUserRes:0xc000b86200}
2026-05-06T01:21:56.899+08:00 [INFO] mqueue service is running
2026-05-06T01:21:56.901+08:00 [ERRO] {b6baf22924bbac1863ec9b185d3c7b0f} ==================请求： {} 
Stack:
1.  github.com/yyryydyyx/rs-admin/v3/internal/cmd.init.func1
    /home/yyr/go/src/rs-admin/internal/cmd/cmd.go:25
2.  main.main
    /home/yyr/go/src/rs-admin/main.go:16

2026-05-06T01:21:56.901+08:00 [INFO] {b6baf22924bbac1863ec9b185d3c7b0f} /home/yyr/go/src/rs-admin/internal/cmd/cmd.go:27: 
    ____  _____       ___       __          _     
   / __ \/ ___/      /   | ____/ /___ ___  (_)___ 
  / /_/ /\__ \______/ /| |/ __  / __ `__ \/ / __ \
 / _, _/___/ /_____/ ___ / /_/ / / / / / / / / / /
/_/ |_|/____/     /_/  |_\__,_/_/ /_/ /_/_/_/ /_/ 
Version: 3.3.11
2026-05-06T01:21:56.912+08:00 [DEBU] /home/yyr/go/src/rs-admin/library/libWebsocket/init.go:20: start websocket..
2026-05-06T01:24:49.302+08:00 [INFO] mqueue service is running
2026-05-06T01:24:49.304+08:00 [ERRO] {2064f34d4cbbac18f6c7e6777d7368af} ==================请求： {} 
Stack:
1.  github.com/yyryydyyx/rs-admin/v3/internal/cmd.init.func1
    /home/yyr/go/src/rs-admin/internal/cmd/cmd.go:26
2.  main.main
    /home/yyr/go/src/rs-admin/main.go:16

2026-05-06T01:24:49.304+08:00 [INFO] {2064f34d4cbbac18f6c7e6777d7368af} /home/yyr/go/src/rs-admin/internal/cmd/cmd.go:28: 
    ____  _____       ___       __          _     
   / __ \/ ___/      /   | ____/ /___ ___  (_)___ 
  / /_/ /\__ \______/ /| |/ __  / __ `__ \/ / __ \
 / _, _/___/ /_____/ ___ / /_/ / / / / / / / / / /
/_/ |_|/____/     /_/  |_\__,_/_/ /_/ /_/_/_/ /_/ 
Version: 3.3.11
2026-05-06T01:24:49.315+08:00 [DEBU] /home/yyr/go/src/rs-admin/library/libWebsocket/init.go:20: start websocket..
2026-05-06T01:25:44.704+08:00 [INFO] mqueue service is running
2026-05-06T01:25:44.705+08:00 [INFO] {2f13233459bbac188ce64f3cf9664cbb} /home/yyr/go/src/rs-admin/internal/cmd/cmd.go:26: 
    ____  _____       ___       __          _     
   / __ \/ ___/      /   | ____/ /___ ___  (_)___ 
  / /_/ /\__ \______/ /| |/ __  / __ `__ \/ / __ \
 / _, _/___/ /_____/ ___ / /_/ / / / / / / / / / /
/_/ |_|/____/     /_/  |_\__,_/_/ /_/ /_/_/_/ /_/ 
Version: 3.3.11
2026-05-06T01:25:44.714+08:00 [DEBU] /home/yyr/go/src/rs-admin/library/libWebsocket/init.go:20: start websocket..
2026-05-06T01:25:58.107+08:00 [INFO] /home/yyr/go/src/rs-admin/library/libWebsocket/client.go:83: websocket client quit, user:&{LoginUserRes:0xc0016bbd80}
2026-05-06T01:28:25.913+08:00 [INFO] mqueue service is running
2026-05-06T01:28:25.914+08:00 [INFO] {0db2ecbc7ebbac185bfe973a4dd0cbcb} /home/yyr/go/src/rs-admin/internal/cmd/cmd.go:26: 
    ____  _____       ___       __          _     
   / __ \/ ___/      /   | ____/ /___ ___  (_)___ 
  / /_/ /\__ \______/ /| |/ __  / __ `__ \/ / __ \
 / _, _/___/ /_____/ ___ / /_/ / / / / / / / / / /
/_/ |_|/____/     /_/  |_\__,_/_/ /_/ /_/_/_/ /_/ 
Version: 3.3.11
2026-05-06T01:28:25.923+08:00 [DEBU] /home/yyr/go/src/rs-admin/library/libWebsocket/init.go:20: start websocket..
2026-05-06T01:28:46.975+08:00 [INFO] /home/yyr/go/src/rs-admin/library/libWebsocket/client.go:83: websocket client quit, user:&{LoginUserRes:0xc000cae100}
2026-05-06T01:31:14.722+08:00 [INFO] mqueue service is running
2026-05-06T01:31:14.723+08:00 [INFO] {0de8c00aa6bbac1827c6464bc0245ce6} /home/yyr/go/src/rs-admin/internal/cmd/cmd.go:26: 
    ____  _____       ___       __          _     
   / __ \/ ___/      /   | ____/ /___ ___  (_)___ 
  / /_/ /\__ \______/ /| |/ __  / __ `__ \/ / __ \
 / _, _/___/ /_____/ ___ / /_/ / / / / / / / / / /
/_/ |_|/____/     /_/  |_\__,_/_/ /_/ /_/_/_/ /_/ 
Version: 3.3.11
2026-05-06T01:31:14.733+08:00 [DEBU] /home/yyr/go/src/rs-admin/library/libWebsocket/init.go:20: start websocket..
2026-05-06T01:31:25.919+08:00 [INFO] /home/yyr/go/src/rs-admin/library/libWebsocket/client.go:83: websocket client quit, user:&{LoginUserRes:0xc0001a2180}
2026-05-06T01:32:36.240+08:00 [INFO] mqueue service is running
2026-05-06T01:32:36.242+08:00 [INFO] {677b9f05b9bbac18baa3093d3f5eba38} /home/yyr/go/src/rs-admin/internal/cmd/cmd.go:26: 
    ____  _____       ___       __          _     
   / __ \/ ___/      /   | ____/ /___ ___  (_)___ 
  / /_/ /\__ \______/ /| |/ __  / __ `__ \/ / __ \
 / _, _/___/ /_____/ ___ / /_/ / / / / / / / / / /
/_/ |_|/____/     /_/  |_\__,_/_/ /_/ /_/_/_/ /_/ 
Version: 3.3.11
2026-05-06T01:32:36.251+08:00 [DEBU] /home/yyr/go/src/rs-admin/library/libWebsocket/init.go:20: start websocket..
2026-05-06T01:32:56.956+08:00 [INFO] /home/yyr/go/src/rs-admin/library/libWebsocket/client.go:83: websocket client quit, user:&{LoginUserRes:0xc000b6aa00}
2026-05-06T01:35:24.869+08:00 [INFO] /home/yyr/go/src/rs-admin/library/libWebsocket/client.go:83: websocket client quit, user:&{LoginUserRes:0xc00130e080}
2026-05-06T01:36:55.830+08:00 [INFO] /home/yyr/go/src/rs-admin/library/libWebsocket/client.go:83: websocket client quit, user:&{LoginUserRes:0xc0012dc080}
2026-05-06T01:37:35.586+08:00 [INFO] /home/yyr/go/src/rs-admin/library/libWebsocket/client.go:83: websocket client quit, user:&{LoginUserRes:0xc0013f6200}
2026-05-06T01:37:53.966+08:00 [INFO] /home/yyr/go/src/rs-admin/library/libWebsocket/client.go:83: websocket client quit, user:&{LoginUserRes:0xc001568400}
2026-05-06T01:38:40.868+08:00 [INFO] /home/yyr/go/src/rs-admin/library/libWebsocket/client.go:83: websocket client quit, user:&{LoginUserRes:0xc0011c8200}
2026-05-06T01:51:27.811+08:00 [INFO] mqueue service is running
2026-05-06T01:51:27.813+08:00 [INFO] {b478817cc0bcac1827d6093e417e591a} /home/yyr/go/src/rs-admin/internal/cmd/cmd.go:26: 
    ____  _____       ___       __          _     
   / __ \/ ___/      /   | ____/ /___ ___  (_)___ 
  / /_/ /\__ \______/ /| |/ __  / __ `__ \/ / __ \
 / _, _/___/ /_____/ ___ / /_/ / / / / / / / / / /
/_/ |_|/____/     /_/  |_\__,_/_/ /_/ /_/_/_/ /_/ 
Version: 3.3.11
2026-05-06T01:51:27.834+08:00 [DEBU] /home/yyr/go/src/rs-admin/library/libWebsocket/init.go:20: start websocket..
2026-05-06T01:52:50.651+08:00 [INFO] /home/yyr/go/src/rs-admin/library/libWebsocket/client.go:83: websocket client quit, user:&{LoginUserRes:0xc00139c380}
2026-05-06T01:52:56.093+08:00 [INFO] /home/yyr/go/src/rs-admin/library/libWebsocket/client.go:83: websocket client quit, user:&{LoginUserRes:0xc000d28180}
2026-05-06T14:45:29.667+08:00 [INFO] mqueue service is running
2026-05-06T14:45:29.671+08:00 [INFO] {3282fb92fde6ac187bb7125ecc2cf161} /home/yyr/go/src/rs-admin/internal/cmd/cmd.go:26: 
    ____  _____       ___       __          _     
   / __ \/ ___/      /   | ____/ /___ ___  (_)___ 
  / /_/ /\__ \______/ /| |/ __  / __ `__ \/ / __ \
 / _, _/___/ /_____/ ___ / /_/ / / / / / / / / / /
/_/ |_|/____/     /_/  |_\__,_/_/ /_/ /_/_/_/ /_/ 
Version: 3.3.11
2026-05-06T14:45:29.700+08:00 [DEBU] /home/yyr/go/src/rs-admin/library/libWebsocket/init.go:20: start websocket..
2026-05-06T15:58:16.460+08:00 [INFO] mqueue service is running
2026-05-06T15:58:16.461+08:00 [INFO] {876ef74bf6eaac18fa0a27230d027cab} /home/yyr/go/src/rs-admin/internal/cmd/cmd.go:26: 
    ____  _____       ___       __          _     
   / __ \/ ___/      /   | ____/ /___ ___  (_)___ 
  / /_/ /\__ \______/ /| |/ __  / __ `__ \/ / __ \
 / _, _/___/ /_____/ ___ / /_/ / / / / / / / / / /
/_/ |_|/____/     /_/  |_\__,_/_/ /_/ /_/_/_/ /_/ 
Version: 3.3.11
2026-05-06T15:58:16.481+08:00 [DEBU] /home/yyr/go/src/rs-admin/library/libWebsocket/init.go:20: start websocket..
2026-05-06T16:01:09.195+08:00 [INFO] /home/yyr/go/src/rs-admin/library/libWebsocket/client.go:83: websocket client quit, user:&{LoginUserRes:0xc001354680}
2026-05-06T16:10:18.970+08:00 [INFO] /home/yyr/go/src/rs-admin/library/libWebsocket/client.go:83: websocket client quit, user:&{LoginUserRes:0xc000f72400}
2026-05-06T20:20:01.647+08:00 [INFO] /home/yyr/go/src/rs-admin/library/libWebsocket/client.go:83: websocket client quit, user:&{LoginUserRes:0xc0001b2400}
2026-05-06T20:21:19.665+08:00 [INFO] /home/yyr/go/src/rs-admin/library/libWebsocket/client.go:83: websocket client quit, user:&{LoginUserRes:0xc000b4a180}
2026-05-06T20:21:21.220+08:00 [INFO] /home/yyr/go/src/rs-admin/library/libWebsocket/client.go:83: websocket client quit, user:&{LoginUserRes:0xc000f72500}
2026-05-06T20:24:17.766+08:00 [INFO] /home/yyr/go/src/rs-admin/library/libWebsocket/client.go:83: websocket client quit, user:&{LoginUserRes:0xc000f72180}
2026-05-06T21:26:21.435+08:00 [INFO] /home/yyr/go/src/rs-admin/library/libWebsocket/client.go:83: websocket client quit, user:&{LoginUserRes:0xc000d3e880}
2026-05-06T21:26:41.988+08:00 [INFO] /home/yyr/go/src/rs-admin/library/libWebsocket/client.go:83: websocket client quit, user:&{LoginUserRes:0xc000f72900}
2026-05-06T21:29:30.444+08:00 [INFO] mqueue service is running
2026-05-06T21:29:30.445+08:00 [INFO] {421fb39109fdac1871d3820d474d3591} /home/yyr/go/src/rs-admin/internal/cmd/cmd.go:26: 
    ____  _____       ___       __          _     
   / __ \/ ___/      /   | ____/ /___ ___  (_)___ 
  / /_/ /\__ \______/ /| |/ __  / __ `__ \/ / __ \
 / _, _/___/ /_____/ ___ / /_/ / / / / / / / / / /
/_/ |_|/____/     /_/  |_\__,_/_/ /_/ /_/_/_/ /_/ 
Version: 3.3.11
2026-05-06T21:29:30.455+08:00 [DEBU] /home/yyr/go/src/rs-admin/library/libWebsocket/init.go:20: start websocket..
2026-05-06T21:29:37.075+08:00 [INFO] /home/yyr/go/src/rs-admin/library/libWebsocket/client.go:83: websocket client quit, user:&{LoginUserRes:0xc000943d80}
2026-05-06T21:29:38.172+08:00 [ERRO] {46751f5e0bfdac1878d3820db03cc123} /home/yyr/go/src/rs-admin/internal/app/system/controller/sys_attachment.go:31: ==================请求： {"Authorization":"Bearer 7ZUSfVIf2HyYjcv86SKPPs29v003ECPEScsdYsYYqO34NPWToda7vzRxbAEp7oUueTHCY/xndPCsBy2n3EVm1MNzJGn0wLZjQ4e+IbVgriadZtFvfZvxCKNB50FE/ej+7CcLI7yoS1oqtbVTEnnmsQ==","DateRange":null,"PageNum":1,"PageSize":10,"OrderBy":"","AppId":"","Drive":"","Name":"","Kind":"","MimeType":"","Status":"","CreatedAt":null} 
Stack:
1.  github.com/yyryydyyx/rs-admin/v3/internal/app/system/controller.(*sysAttachmentController).List
    /home/yyr/go/src/rs-admin/internal/app/system/controller/sys_attachment.go:31
2.  github.com/yyryydyyx/rs-admin/v3/internal/app/system/logic/middleware.(*sMiddleware).Auth
    /home/yyr/go/src/rs-admin/internal/app/system/logic/middleware/middleware.go:78
3.  github.com/yyryydyyx/rs-token/gftoken.(*GfToken).authMiddleware
    /home/yyr/go/pkg/mod/github.com/yyryydyyx/rs-token@v1.0.10/gftoken/middleware.go:21
4.  github.com/yyryydyyx/rs-admin/v3/internal/app/system/logic/middleware.(*sMiddleware).Ctx
    /home/yyr/go/src/rs-admin/internal/app/system/logic/middleware/middleware.go:63
5.  github.com/yyryydyyx/rs-admin/v3/internal/app/common/logic/middleware.(*sMiddleware).MiddlewareCORS
    /home/yyr/go/src/rs-admin/internal/app/common/logic/middleware/middleware.go:30

2026-05-06T21:34:36.615+08:00 [INFO] mqueue service is running
2026-05-06T21:34:36.616+08:00 [INFO] {c979f0da50fdac18ca28bf4ed6f1c544} /home/yyr/go/src/rs-admin/internal/cmd/cmd.go:26: 
    ____  _____       ___       __          _     
   / __ \/ ___/      /   | ____/ /___ ___  (_)___ 
  / /_/ /\__ \______/ /| |/ __  / __ `__ \/ / __ \
 / _, _/___/ /_____/ ___ / /_/ / / / / / / / / / /
/_/ |_|/____/     /_/  |_\__,_/_/ /_/ /_/_/_/ /_/ 
Version: 3.3.11
2026-05-06T21:34:36.625+08:00 [DEBU] /home/yyr/go/src/rs-admin/library/libWebsocket/init.go:20: start websocket..
2026-05-06T21:34:44.979+08:00 [INFO] /home/yyr/go/src/rs-admin/library/libWebsocket/client.go:83: websocket client quit, user:&{LoginUserRes:0xc000c55380}
2026-05-06T21:36:44.182+08:00 [INFO] /home/yyr/go/src/rs-admin/library/libWebsocket/client.go:83: websocket client quit, user:&{LoginUserRes:0xc0009ec100}
2026-05-06T21:40:39.915+08:00 [INFO] mqueue service is running
2026-05-06T21:40:39.916+08:00 [INFO] {15b14e71a5fdac18804a326708e17536} /home/yyr/go/src/rs-admin/internal/cmd/cmd.go:26: 
    ____  _____       ___       __          _     
   / __ \/ ___/      /   | ____/ /___ ___  (_)___ 
  / /_/ /\__ \______/ /| |/ __  / __ `__ \/ / __ \
 / _, _/___/ /_____/ ___ / /_/ / / / / / / / / / /
/_/ |_|/____/     /_/  |_\__,_/_/ /_/ /_/_/_/ /_/ 
Version: 3.3.11
2026-05-06T21:40:39.927+08:00 [DEBU] /home/yyr/go/src/rs-admin/library/libWebsocket/init.go:20: start websocket..
2026-05-06T21:42:11.430+08:00 [INFO] /home/yyr/go/src/rs-admin/library/libWebsocket/client.go:83: websocket client quit, user:&{LoginUserRes:0xc001546b80}
2026-05-06T22:05:14.483+08:00 [INFO] /home/yyr/go/src/rs-admin/library/libWebsocket/client.go:83: websocket client quit, user:&{LoginUserRes:0xc0012bc100}
2026-05-06T22:53:04.302+08:00 [INFO] /home/yyr/go/src/rs-admin/library/libWebsocket/client.go:83: websocket client quit, user:&{LoginUserRes:0xc0012bcb80}
2026-05-06T22:56:57.640+08:00 [INFO] mqueue service is running
2026-05-06T22:56:57.642+08:00 [INFO] {d5280047cf01ad18887035702eb5266d} /home/yyr/go/src/rs-admin/internal/cmd/cmd.go:26: 
    ____  _____       ___       __          _     
   / __ \/ ___/      /   | ____/ /___ ___  (_)___ 
  / /_/ /\__ \______/ /| |/ __  / __ `__ \/ / __ \
 / _, _/___/ /_____/ ___ / /_/ / / / / / / / / / /
/_/ |_|/____/     /_/  |_\__,_/_/ /_/ /_/_/_/ /_/ 
Version: 3.3.11
2026-05-06T22:56:57.651+08:00 [DEBU] /home/yyr/go/src/rs-admin/library/libWebsocket/init.go:20: start websocket..
2026-05-06T22:58:55.749+08:00 [INFO] mqueue service is running
2026-05-06T22:58:55.751+08:00 [INFO] {609bd4c6ea01ad18ad9d8847d19679c4} /home/yyr/go/src/rs-admin/internal/cmd/cmd.go:26: 
    ____  _____       ___       __          _     
   / __ \/ ___/      /   | ____/ /___ ___  (_)___ 
  / /_/ /\__ \______/ /| |/ __  / __ `__ \/ / __ \
 / _, _/___/ /_____/ ___ / /_/ / / / / / / / / / /
/_/ |_|/____/     /_/  |_\__,_/_/ /_/ /_/_/_/ /_/ 
Version: 3.3.11
2026-05-06T22:58:55.761+08:00 [DEBU] /home/yyr/go/src/rs-admin/library/libWebsocket/init.go:20: start websocket..
2026-05-06T23:03:51.892+08:00 [INFO] mqueue service is running
2026-05-06T23:03:51.893+08:00 [INFO] {fb044bba2f02ad18271e025f64b9b1ed} /home/yyr/go/src/rs-admin/internal/cmd/cmd.go:26: 
    ____  _____       ___       __          _     
   / __ \/ ___/      /   | ____/ /___ ___  (_)___ 
  / /_/ /\__ \______/ /| |/ __  / __ `__ \/ / __ \
 / _, _/___/ /_____/ ___ / /_/ / / / / / / / / / /
/_/ |_|/____/     /_/  |_\__,_/_/ /_/ /_/_/_/ /_/ 
Version: 3.3.11
2026-05-06T23:03:51.903+08:00 [DEBU] /home/yyr/go/src/rs-admin/library/libWebsocket/init.go:20: start websocket..
2026-05-06T23:05:01.733+08:00 [INFO] /home/yyr/go/src/rs-admin/library/libWebsocket/client.go:83: websocket client quit, user:&{LoginUserRes:0xc000b96580}
