<<<<<<< HEAD
2026-06-04T23:33:43.972+08:00 [INFO] mqueue service is running
2026-06-04T23:33:43.974+08:00 [INFO] {dfaf9270a5eab518393531332ccf20c1} /home/yyr/go/src/rs-admin/internal/cmd/cmd.go:26: 
=======
2026-06-04T16:04:56.153+08:00 [INFO] mqueue service is running
2026-06-04T16:04:56.156+08:00 [INFO] {728189d127d2b51888e4c27fd6ee414b} /home/yyr/go/src/rs-admin/internal/cmd/cmd.go:26: 
>>>>>>> 846a8a57920598c1de8b50d27238376631ff41b4
    ____  _____       ___       __          _     
   / __ \/ ___/      /   | ____/ /___ ___  (_)___ 
  / /_/ /\__ \______/ /| |/ __  / __ `__ \/ / __ \
 / _, _/___/ /_____/ ___ / /_/ / / / / / / / / / /
/_/ |_|/____/     /_/  |_\__,_/_/ /_/ /_/_/_/ /_/ 
Version: 3.3.11
<<<<<<< HEAD
2026-06-04T23:33:43.983+08:00 [DEBU] /home/yyr/go/src/rs-admin/library/libWebsocket/init.go:20: start websocket..
2026-06-04T23:33:45.911+08:00 [INFO] {9e8df0e3a5eab5183c353133d1746b1e} /home/yyr/go/pkg/mod/github.com/yyryydyyx/rs-token@v1.0.10/gftoken/gftoken.go:108: token is invalid
2026-06-04T23:33:49.907+08:00 [INFO] {a18c3bd2a6eab5183d35313307ce448e} /home/yyr/go/pkg/mod/github.com/yyryydyyx/rs-token@v1.0.10/gftoken/gftoken.go:108: token is invalid
2026-06-04T23:33:51.911+08:00 [INFO] {5f1cb149a7eab5183e35313320ae5f3e} /home/yyr/go/pkg/mod/github.com/yyryydyyx/rs-token@v1.0.10/gftoken/gftoken.go:108: token is invalid
2026-06-04T23:33:55.922+08:00 [INFO] {0ac7b638a8eab5183f3531333e5743ec} /home/yyr/go/pkg/mod/github.com/yyryydyyx/rs-token@v1.0.10/gftoken/gftoken.go:108: token is invalid
2026-06-04T23:33:57.915+08:00 [INFO] {45fa87afa8eab5184035313386919432} /home/yyr/go/pkg/mod/github.com/yyryydyyx/rs-token@v1.0.10/gftoken/gftoken.go:108: token is invalid
2026-06-04T23:34:01.937+08:00 [INFO] {55173e9fa9eab51841353133be7281b1} /home/yyr/go/pkg/mod/github.com/yyryydyyx/rs-token@v1.0.10/gftoken/gftoken.go:108: token is invalid
2026-06-04T23:34:03.920+08:00 [INFO] {dc936e15aaeab518423531335eae268e} /home/yyr/go/pkg/mod/github.com/yyryydyyx/rs-token@v1.0.10/gftoken/gftoken.go:108: token is invalid
2026-06-04T23:34:07.923+08:00 [INFO] {afec0404abeab51843353133656a1672} /home/yyr/go/pkg/mod/github.com/yyryydyyx/rs-token@v1.0.10/gftoken/gftoken.go:108: token is invalid
2026-06-04T23:34:09.955+08:00 [INFO] {707a2b7dabeab51844353133f6984a19} /home/yyr/go/pkg/mod/github.com/yyryydyyx/rs-token@v1.0.10/gftoken/gftoken.go:108: token is invalid
2026-06-04T23:34:14.058+08:00 [INFO] {9ef5bd71aceab51845353133a17335dc} /home/yyr/go/pkg/mod/github.com/yyryydyyx/rs-token@v1.0.10/gftoken/gftoken.go:108: token is invalid
2026-06-04T23:34:15.990+08:00 [INFO] {643edde4aceab51846353133e0811626} /home/yyr/go/pkg/mod/github.com/yyryydyyx/rs-token@v1.0.10/gftoken/gftoken.go:108: token is invalid
2026-06-04T23:34:20.156+08:00 [INFO] {109330ddadeab5184735313316126f85} /home/yyr/go/pkg/mod/github.com/yyryydyyx/rs-token@v1.0.10/gftoken/gftoken.go:108: token is invalid
2026-06-04T23:34:22.157+08:00 [INFO] {e49e7754aeeab51848353133fcd84f35} /home/yyr/go/pkg/mod/github.com/yyryydyyx/rs-token@v1.0.10/gftoken/gftoken.go:108: token is invalid
2026-06-04T23:34:26.509+08:00 [INFO] {c94bdb57afeab51849353133f4835f88} /home/yyr/go/pkg/mod/github.com/yyryydyyx/rs-token@v1.0.10/gftoken/gftoken.go:108: token is invalid
2026-06-04T23:34:28.066+08:00 [INFO] {e8a6a0b4afeab5184a353133410e888e} /home/yyr/go/pkg/mod/github.com/yyryydyyx/rs-token@v1.0.10/gftoken/gftoken.go:108: token is invalid
2026-06-04T23:34:32.492+08:00 [INFO] {7d4d7cbcb0eab5184b3531336afb131c} /home/yyr/go/pkg/mod/github.com/yyryydyyx/rs-token@v1.0.10/gftoken/gftoken.go:108: token is invalid
2026-06-04T23:34:34.713+08:00 [INFO] {f231e140b1eab5184c3531334d84693a} /home/yyr/go/pkg/mod/github.com/yyryydyyx/rs-token@v1.0.10/gftoken/gftoken.go:108: token is invalid
2026-06-04T23:34:38.527+08:00 [INFO] {4c762a24b2eab5184d3531337da4a8ca} /home/yyr/go/pkg/mod/github.com/yyryydyyx/rs-token@v1.0.10/gftoken/gftoken.go:108: token is invalid
2026-06-04T23:34:41.925+08:00 [INFO] {a3edb6eeb2eab5184e353133cf98d583} /home/yyr/go/pkg/mod/github.com/yyryydyyx/rs-token@v1.0.10/gftoken/gftoken.go:108: token is invalid
2026-06-04T23:34:47.473+08:00 [INFO] {51156739b4eab5184f3531335bc26430} /home/yyr/go/pkg/mod/github.com/yyryydyyx/rs-token@v1.0.10/gftoken/gftoken.go:108: token is invalid
2026-06-04T23:34:49.261+08:00 [INFO] {1db3f4a3b4eab518503531335180488a} /home/yyr/go/pkg/mod/github.com/yyryydyyx/rs-token@v1.0.10/gftoken/gftoken.go:108: token is invalid
2026-06-04T23:34:54.904+08:00 [INFO] {725053f4b5eab518513531336ed18a1b} /home/yyr/go/pkg/mod/github.com/yyryydyyx/rs-token@v1.0.10/gftoken/gftoken.go:108: token is invalid
2026-06-04T23:34:56.033+08:00 [INFO] {f69ba137b6eab51852353133e3940647} /home/yyr/go/pkg/mod/github.com/yyryydyyx/rs-token@v1.0.10/gftoken/gftoken.go:108: token is invalid
2026-06-04T23:35:00.905+08:00 [INFO] {5016045ab7eab5185335313328406164} /home/yyr/go/pkg/mod/github.com/yyryydyyx/rs-token@v1.0.10/gftoken/gftoken.go:108: token is invalid
2026-06-04T23:35:06.870+08:00 [INFO] {709696bdb8eab518543531330202b770} /home/yyr/go/pkg/mod/github.com/yyryydyyx/rs-token@v1.0.10/gftoken/gftoken.go:108: token is invalid
2026-06-04T23:35:06.904+08:00 [INFO] {fde099bfb8eab518553531336d2b57f0} /home/yyr/go/pkg/mod/github.com/yyryydyyx/rs-token@v1.0.10/gftoken/gftoken.go:108: token is invalid
2026-06-04T23:35:12.905+08:00 [INFO] {fdd34325baeab518563531337f8a7965} /home/yyr/go/pkg/mod/github.com/yyryydyyx/rs-token@v1.0.10/gftoken/gftoken.go:108: token is invalid
2026-06-04T23:35:15.324+08:00 [INFO] {36bb78b5baeab51857353133c62633a5} /home/yyr/go/pkg/mod/github.com/yyryydyyx/rs-token@v1.0.10/gftoken/gftoken.go:108: token is invalid
2026-06-04T23:35:18.905+08:00 [INFO] {7d10d88abbeab51858353133a67ce70d} /home/yyr/go/pkg/mod/github.com/yyryydyyx/rs-token@v1.0.10/gftoken/gftoken.go:108: token is invalid
2026-06-04T23:35:23.742+08:00 [INFO] {25b932abbceab518593531335b6ec6a7} /home/yyr/go/pkg/mod/github.com/yyryydyyx/rs-token@v1.0.10/gftoken/gftoken.go:108: token is invalid
2026-06-04T23:35:24.906+08:00 [INFO] {e38392f0bceab5185a35313343da1c53} /home/yyr/go/pkg/mod/github.com/yyryydyyx/rs-token@v1.0.10/gftoken/gftoken.go:108: token is invalid
2026-06-04T23:35:30.908+08:00 [INFO] {add35356beeab5185b353133556c7b9f} /home/yyr/go/pkg/mod/github.com/yyryydyyx/rs-token@v1.0.10/gftoken/gftoken.go:108: token is invalid
2026-06-04T23:35:32.798+08:00 [INFO] {cb46fec6beeab5185c3531339c8b51a8} /home/yyr/go/pkg/mod/github.com/yyryydyyx/rs-token@v1.0.10/gftoken/gftoken.go:108: token is invalid
2026-06-04T23:35:36.911+08:00 [INFO] {6b9d24bcbfeab5185d35313358207dce} /home/yyr/go/pkg/mod/github.com/yyryydyyx/rs-token@v1.0.10/gftoken/gftoken.go:108: token is invalid
2026-06-04T23:35:39.766+08:00 [INFO] {02d25366c0eab5185e3531339ef778b3} /home/yyr/go/pkg/mod/github.com/yyryydyyx/rs-token@v1.0.10/gftoken/gftoken.go:108: token is invalid
2026-06-04T23:35:42.920+08:00 [INFO] {3b765022c1eab5185f35313356a1564f} /home/yyr/go/pkg/mod/github.com/yyryydyyx/rs-token@v1.0.10/gftoken/gftoken.go:108: token is invalid
2026-06-04T23:35:48.638+08:00 [INFO] {0bb32677c2eab518603531337e909ee6} /home/yyr/go/pkg/mod/github.com/yyryydyyx/rs-token@v1.0.10/gftoken/gftoken.go:108: token is invalid
2026-06-04T23:35:48.926+08:00 [INFO] {f6005488c2eab51861353133b483e74e} /home/yyr/go/pkg/mod/github.com/yyryydyyx/rs-token@v1.0.10/gftoken/gftoken.go:108: token is invalid
2026-06-04T23:54:12.180+08:00 [INFO] mqueue service is running
2026-06-04T23:54:12.182+08:00 [INFO] {ddaa8267c3ebb5187df5930356183e15} /home/yyr/go/src/rs-admin/internal/cmd/cmd.go:26: 
    ____  _____       ___       __          _     
   / __ \/ ___/      /   | ____/ /___ ___  (_)___ 
  / /_/ /\__ \______/ /| |/ __  / __ `__ \/ / __ \
 / _, _/___/ /_____/ ___ / /_/ / / / / / / / / / /
/_/ |_|/____/     /_/  |_\__,_/_/ /_/ /_/_/_/ /_/ 
Version: 3.3.11
2026-06-04T23:54:12.205+08:00 [DEBU] /home/yyr/go/src/rs-admin/library/libWebsocket/init.go:20: start websocket..
=======
2026-06-04T16:04:56.189+08:00 [DEBU] /home/yyr/go/src/rs-admin/library/libWebsocket/init.go:20: start websocket..
2026-06-04T16:06:31.625+08:00 [INFO] {ebd5db0b3ed2b5188be4c27f400f4405} /home/yyr/go/pkg/mod/github.com/yyryydyyx/rs-token@v1.0.10/gftoken/gftoken.go:108: token is invalid
2026-06-04T16:06:31.680+08:00 [INFO] {3b052f0f3ed2b5188de4c27fb1659552} /home/yyr/go/pkg/mod/github.com/yyryydyyx/rs-token@v1.0.10/gftoken/gftoken.go:108: token is invalid
2026-06-04T16:12:14.569+08:00 [INFO] DISKQUEUE(producer_topic_test): writeOne() opened resource/data/storage/diskqueue/producer_topic_test.diskqueue.000000.dat
2026-06-04T16:12:14.570+08:00 [INFO] DISKQUEUE(producer_topic_test): readOne() opened resource/data/storage/diskqueue/producer_topic_test.diskqueue.000000.dat
2026-06-04T16:12:26.160+08:00 [WARN] /home/yyr/go/src/rs-admin/internal/app/mqueue/controller/demo.go:74: 取消订阅 主题：producer_topic_test，频道：channel1
>>>>>>> 846a8a57920598c1de8b50d27238376631ff41b4
