2026-05-04T21:25:19.799+08:00 [INFO] mqueue service is running
2026-05-04T21:25:19.801+08:00 [INFO] {a9e98413a65fac18d2d13b4a1bb642c7} /home/yyr/go/src/rs-admin/internal/cmd/cmd.go:26: 
    ____  _____       ___       __          _     
   / __ \/ ___/      /   | ____/ /___ ___  (_)___ 
  / /_/ /\__ \______/ /| |/ __  / __ `__ \/ / __ \
 / _, _/___/ /_____/ ___ / /_/ / / / / / / / / / /
/_/ |_|/____/     /_/  |_\__,_/_/ /_/ /_/_/_/ /_/ 
Version: 3.3.11
2026-05-04T21:25:19.824+08:00 [DEBU] /home/yyr/go/src/rs-admin/library/libWebsocket/init.go:20: start websocket..
2026-05-04T21:31:44.495+08:00 [INFO] DISKQUEUE(producer_topic_test): writeOne() opened resource/data/storage/diskqueue/producer_topic_test.diskqueue.000000.dat
2026-05-04T21:31:44.495+08:00 [INFO] DISKQUEUE(producer_topic_test): readOne() opened resource/data/storage/diskqueue/producer_topic_test.diskqueue.000000.dat
2026-05-04T21:32:14.536+08:00 [WARN] /home/yyr/go/src/rs-admin/internal/app/mqueue/controller/demo.go:74: 取消订阅 主题：producer_topic_test，频道：channel1
2026-05-04T21:53:22.518+08:00 [INFO] /home/yyr/go/src/rs-admin/library/libWebsocket/client.go:83: websocket client quit, user:&{LoginUserRes:0xc000d40600}
2026-05-04T21:55:27.695+08:00 [INFO] /home/yyr/go/src/rs-admin/library/libWebsocket/client.go:83: websocket client quit, user:&{LoginUserRes:0xc000db4100}
2026-05-04T21:55:49.666+08:00 [INFO] /home/yyr/go/src/rs-admin/library/libWebsocket/client.go:83: websocket client quit, user:&{LoginUserRes:0xc000d40780}
2026-05-04T22:40:46.026+08:00 [INFO] /home/yyr/go/src/rs-admin/library/libWebsocket/client.go:83: websocket client quit, user:&{LoginUserRes:0xc000c0da80}
2026-05-04T22:40:46.056+08:00 [WARN] /home/yyr/go/src/rs-admin/internal/app/mqueue/controller/demo.go:74: 取消订阅 主题：producer_topic_test，频道：channel1
2026-05-04T22:44:40.934+08:00 [INFO] /home/yyr/go/src/rs-admin/library/libWebsocket/client.go:83: websocket client quit, user:&{LoginUserRes:0xc001992680}
2026-05-04T22:45:23.913+08:00 [INFO] /home/yyr/go/src/rs-admin/library/libWebsocket/client.go:83: websocket client quit, user:&{LoginUserRes:0xc000f46200}
2026-05-04T22:45:47.353+08:00 [INFO] /home/yyr/go/src/rs-admin/library/libWebsocket/client.go:83: websocket client quit, user:&{LoginUserRes:0xc0010faf00}
2026-05-04T22:49:44.717+08:00 [INFO] /home/yyr/go/src/rs-admin/library/libWebsocket/client.go:83: websocket client quit, user:&{LoginUserRes:0xc000db5200}
2026-05-04T22:51:26.908+08:00 [INFO] /home/yyr/go/src/rs-admin/library/libWebsocket/client.go:83: websocket client quit, user:&{LoginUserRes:0xc000c0c200}
2026-05-04T23:00:42.327+08:00 [INFO] /home/yyr/go/src/rs-admin/library/libWebsocket/client.go:83: websocket client quit, user:&{LoginUserRes:0xc001586580}
2026-05-04T23:02:55.616+08:00 [INFO] /home/yyr/go/src/rs-admin/library/libWebsocket/client.go:83: websocket client quit, user:&{LoginUserRes:0xc000f9b380}
2026-05-04T23:06:15.790+08:00 [INFO] /home/yyr/go/src/rs-admin/library/libWebsocket/client.go:83: websocket client quit, user:&{LoginUserRes:0xc000f46180}
2026-05-04T23:16:11.417+08:00 [INFO] /home/yyr/go/src/rs-admin/library/libWebsocket/client.go:83: websocket client quit, user:&{LoginUserRes:0xc00019e580}
2026-05-04T23:33:41.955+08:00 [INFO] /home/yyr/go/src/rs-admin/library/libWebsocket/client.go:83: websocket client quit, user:&{LoginUserRes:0xc000c0c280}
2026-05-04T23:40:05.342+08:00 [INFO] /home/yyr/go/src/rs-admin/library/libWebsocket/client.go:83: websocket client quit, user:&{LoginUserRes:0xc0010fa380}
2026-05-04T23:42:06.502+08:00 [INFO] /home/yyr/go/src/rs-admin/library/libWebsocket/client.go:83: websocket client quit, user:&{LoginUserRes:0xc000d40f80}
2026-05-04T23:43:00.265+08:00 [INFO] /home/yyr/go/src/rs-admin/library/libWebsocket/client.go:83: websocket client quit, user:&{LoginUserRes:0xc0010fa280}
2026-05-04T23:43:46.627+08:00 [INFO] /home/yyr/go/src/rs-admin/library/libWebsocket/client.go:83: websocket client quit, user:&{LoginUserRes:0xc000c0c280}
2026-05-04T23:44:33.643+08:00 [INFO] /home/yyr/go/src/rs-admin/library/libWebsocket/client.go:83: websocket client quit, user:&{LoginUserRes:0xc001586380}
2026-05-04T23:44:57.831+08:00 [INFO] /home/yyr/go/src/rs-admin/library/libWebsocket/client.go:83: websocket client quit, user:&{LoginUserRes:0xc001992080}
2026-05-04T23:45:15.522+08:00 [INFO] /home/yyr/go/src/rs-admin/library/libWebsocket/client.go:83: websocket client quit, user:&{LoginUserRes:0xc000f46100}
2026-05-04T23:48:04.769+08:00 [INFO] /home/yyr/go/src/rs-admin/library/libWebsocket/client.go:83: websocket client quit, user:&{LoginUserRes:0xc00019ef00}
2026-05-04T23:49:56.718+08:00 [INFO] /home/yyr/go/src/rs-admin/library/libWebsocket/client.go:83: websocket client quit, user:&{LoginUserRes:0xc000c0c380}
2026-05-04T23:52:14.471+08:00 [INFO] /home/yyr/go/src/rs-admin/library/libWebsocket/client.go:83: websocket client quit, user:&{LoginUserRes:0xc000c0d800}
2026-05-04T23:52:57.849+08:00 [INFO] /home/yyr/go/src/rs-admin/library/libWebsocket/client.go:83: websocket client quit, user:&{LoginUserRes:0xc001586180}
2026-05-04T23:53:29.468+08:00 [INFO] /home/yyr/go/src/rs-admin/library/libWebsocket/client.go:83: websocket client quit, user:&{LoginUserRes:0xc000f46100}
2026-05-04T23:53:56.732+08:00 [INFO] /home/yyr/go/src/rs-admin/library/libWebsocket/client.go:83: websocket client quit, user:&{LoginUserRes:0xc0013a4f80}
2026-05-04T23:54:10.782+08:00 [INFO] /home/yyr/go/src/rs-admin/library/libWebsocket/client.go:83: websocket client quit, user:&{LoginUserRes:0xc0010fa300}
2026-05-04T23:55:21.404+08:00 [INFO] /home/yyr/go/src/rs-admin/library/libWebsocket/client.go:83: websocket client quit, user:&{LoginUserRes:0xc001370100}
2026-05-04T23:57:31.249+08:00 [INFO] /home/yyr/go/src/rs-admin/library/libWebsocket/client.go:83: websocket client quit, user:&{LoginUserRes:0xc000db5800}
