2026-05-05T00:03:27.779+08:00 [INFO] /home/yyr/go/src/rs-admin/library/libWebsocket/client.go:83: websocket client quit, user:&{LoginUserRes:0xc001370280}
2026-05-05T16:54:01.554+08:00 [INFO] mqueue service is running
2026-05-05T16:54:01.556+08:00 [INFO] {f66fd5916c9fac187d128e79eb8d9a23} /home/yyr/go/src/rs-admin/internal/cmd/cmd.go:26: 
    ____  _____       ___       __          _     
   / __ \/ ___/      /   | ____/ /___ ___  (_)___ 
  / /_/ /\__ \______/ /| |/ __  / __ `__ \/ / __ \
 / _, _/___/ /_____/ ___ / /_/ / / / / / / / / / /
/_/ |_|/____/     /_/  |_\__,_/_/ /_/ /_/_/_/ /_/ 
Version: 3.3.11
2026-05-05T16:54:01.567+08:00 [DEBU] /home/yyr/go/src/rs-admin/library/libWebsocket/init.go:20: start websocket..
2026-05-05T16:54:48.327+08:00 [INFO] {5bd18975779fac1880128e79d31a814c} /home/yyr/go/pkg/mod/github.com/yyryydyyx/rs-token@v1.0.10/gftoken/gftoken.go:108: token is invalid
2026-05-05T16:54:48.359+08:00 [INFO] {dc407a77779fac1882128e79282209e6} /home/yyr/go/pkg/mod/github.com/yyryydyyx/rs-token@v1.0.10/gftoken/gftoken.go:108: token is invalid
2026-05-05T16:59:34.599+08:00 [INFO] /home/yyr/go/src/rs-admin/library/libWebsocket/client.go:83: websocket client quit, user:&{LoginUserRes:0xc000b92600}
2026-05-05T17:00:57.374+08:00 [INFO] /home/yyr/go/src/rs-admin/library/libWebsocket/client.go:83: websocket client quit, user:&{LoginUserRes:0xc001260180}
2026-05-05T17:01:40.279+08:00 [INFO] /home/yyr/go/src/rs-admin/library/libWebsocket/client.go:83: websocket client quit, user:&{LoginUserRes:0xc000352b00}
2026-05-05T17:03:35.962+08:00 [INFO] /home/yyr/go/src/rs-admin/library/libWebsocket/client.go:83: websocket client quit, user:&{LoginUserRes:0xc001350180}
2026-05-05T21:00:49.176+08:00 [INFO] /home/yyr/go/src/rs-admin/library/libWebsocket/client.go:83: websocket client quit, user:&{LoginUserRes:0xc001350800}
2026-05-05T21:02:37.832+08:00 [INFO] /home/yyr/go/src/rs-admin/library/libWebsocket/client.go:83: websocket client quit, user:&{LoginUserRes:0xc001351280}
2026-05-05T21:07:45.889+08:00 [INFO] /home/yyr/go/src/rs-admin/library/libWebsocket/client.go:83: websocket client quit, user:&{LoginUserRes:0xc001261680}
2026-05-05T21:14:22.034+08:00 [INFO] /home/yyr/go/src/rs-admin/library/libWebsocket/client.go:83: websocket client quit, user:&{LoginUserRes:0xc001260100}
2026-05-05T21:17:12.861+08:00 [INFO] /home/yyr/go/src/rs-admin/library/libWebsocket/client.go:83: websocket client quit, user:&{LoginUserRes:0xc001630b00}
2026-05-05T21:23:23.270+08:00 [INFO] /home/yyr/go/src/rs-admin/library/libWebsocket/client.go:83: websocket client quit, user:&{LoginUserRes:0xc001350200}
2026-05-05T21:24:12.156+08:00 [INFO] /home/yyr/go/src/rs-admin/library/libWebsocket/client.go:83: websocket client quit, user:&{LoginUserRes:0xc0014cad80}
2026-05-05T21:25:20.298+08:00 [INFO] /home/yyr/go/src/rs-admin/library/libWebsocket/client.go:83: websocket client quit, user:&{LoginUserRes:0xc000beb580}
2026-05-05T21:25:59.211+08:00 [INFO] /home/yyr/go/src/rs-admin/library/libWebsocket/client.go:83: websocket client quit, user:&{LoginUserRes:0xc0001e0300}
2026-05-05T21:26:48.679+08:00 [INFO] /home/yyr/go/src/rs-admin/library/libWebsocket/client.go:83: websocket client quit, user:&{LoginUserRes:0xc000d24980}
2026-05-05T21:38:49.706+08:00 [INFO] /home/yyr/go/src/rs-admin/library/libWebsocket/client.go:83: websocket client quit, user:&{LoginUserRes:0xc000352d80}
2026-05-05T21:44:24.315+08:00 [INFO] /home/yyr/go/src/rs-admin/library/libWebsocket/client.go:83: websocket client quit, user:&{LoginUserRes:0xc001350380}
2026-05-05T21:54:42.208+08:00 [INFO] /home/yyr/go/src/rs-admin/library/libWebsocket/client.go:83: websocket client quit, user:&{LoginUserRes:0xc0014caa00}
2026-05-05T22:03:52.382+08:00 [INFO] /home/yyr/go/src/rs-admin/library/libWebsocket/client.go:83: websocket client quit, user:&{LoginUserRes:0xc000b92000}
2026-05-05T22:17:21.922+08:00 [INFO] /home/yyr/go/src/rs-admin/library/libWebsocket/client.go:83: websocket client quit, user:&{LoginUserRes:0xc001631780}
2026-05-05T22:41:41.516+08:00 [INFO] mqueue service is running
2026-05-05T22:41:41.518+08:00 [INFO] {83037b6865b2ac1850876e654573af1b} /home/yyr/go/src/rs-admin/internal/cmd/cmd.go:26: 
    ____  _____       ___       __          _     
   / __ \/ ___/      /   | ____/ /___ ___  (_)___ 
  / /_/ /\__ \______/ /| |/ __  / __ `__ \/ / __ \
 / _, _/___/ /_____/ ___ / /_/ / / / / / / / / / /
/_/ |_|/____/     /_/  |_\__,_/_/ /_/ /_/_/_/ /_/ 
Version: 3.3.11
2026-05-05T22:41:41.530+08:00 [DEBU] /home/yyr/go/src/rs-admin/library/libWebsocket/init.go:20: start websocket..
2026-05-05T22:41:51.112+08:00 [INFO] /home/yyr/go/src/rs-admin/library/libWebsocket/client.go:83: websocket client quit, user:&{LoginUserRes:0xc000264100}
2026-05-05T23:03:16.325+08:00 [INFO] /home/yyr/go/src/rs-admin/library/libWebsocket/client.go:83: websocket client quit, user:&{LoginUserRes:0xc000264180}
2026-05-05T23:03:34.228+08:00 [INFO] /home/yyr/go/src/rs-admin/library/libWebsocket/client.go:83: websocket client quit, user:&{LoginUserRes:0xc0014a4480}
2026-05-05T23:03:58.264+08:00 [INFO] /home/yyr/go/src/rs-admin/library/libWebsocket/client.go:83: websocket client quit, user:&{LoginUserRes:0xc000c20480}
2026-05-05T23:24:37.629+08:00 [INFO] /home/yyr/go/src/rs-admin/library/libWebsocket/client.go:83: websocket client quit, user:&{LoginUserRes:0xc0019e9780}
2026-05-05T23:25:04.623+08:00 [INFO] /home/yyr/go/src/rs-admin/library/libWebsocket/client.go:83: websocket client quit, user:&{LoginUserRes:0xc000948180}
2026-05-05T23:25:56.903+08:00 [INFO] /home/yyr/go/src/rs-admin/library/libWebsocket/client.go:83: websocket client quit, user:&{LoginUserRes:0xc0014a4800}
2026-05-05T23:30:39.162+08:00 [INFO] /home/yyr/go/src/rs-admin/library/libWebsocket/client.go:83: websocket client quit, user:&{LoginUserRes:0xc0000d6000}
2026-05-05T23:33:15.002+08:00 [INFO] /home/yyr/go/src/rs-admin/library/libWebsocket/client.go:83: websocket client quit, user:&{LoginUserRes:0xc000ce8000}
2026-05-05T23:36:42.698+08:00 [INFO] /home/yyr/go/src/rs-admin/library/libWebsocket/client.go:83: websocket client quit, user:&{LoginUserRes:0xc000264180}
2026-05-05T23:52:21.444+08:00 [INFO] /home/yyr/go/src/rs-admin/library/libWebsocket/client.go:83: websocket client quit, user:&{LoginUserRes:0xc000265e80}
