2026-04-26T21:19:55.086+08:00 [DEBU] {eaa8beedb5eaa918f2f5ec10fea70c3f} [  8 ms] [default] [gfast_v32] [rows:32 ] SHOW TABLES
2026-04-26T21:19:55.091+08:00 [DEBU] {eaa8beedb5eaa918f2f5ec10fea70c3f} [  5 ms] [default] [gfast_v32] [rows:14 ] SHOW FULL COLUMNS FROM `sys_job`
2026-04-26T21:19:55.101+08:00 [DEBU] {eaa8beedb5eaa918f2f5ec10fea70c3f} [ 10 ms] [default] [gfast_v32] [rows:1  ] SELECT `job_id`,`job_name`,`job_params`,`job_group`,`invoke_target`,`cron_expression`,`misfire_policy`,`concurrent`,`status`,`created_by`,`updated_by`,`remark`,`created_at`,`updated_at` FROM `sys_job` WHERE `status`=0
2026-04-26T21:19:55.103+08:00 [DEBU] {eaa8beedb5eaa918f2f5ec10fea70c3f} [  1 ms] [default] [gfast_v32] [rows:0  ] UPDATE `sys_job` SET `status`=0 WHERE `job_id`=8
2026-04-26T21:20:05.054+08:00 [DEBU] {ae677cefb5eaa918f3f5ec107825fc1e} [  3 ms] [default] [gfast_v32] [rows:8  ] SHOW FULL COLUMNS FROM `sys_user_online`
2026-04-26T21:20:05.055+08:00 [DEBU] {ae677cefb5eaa918f3f5ec107825fc1e} [  1 ms] [default] [gfast_v32] [rows:1  ] SELECT COUNT(1) FROM `sys_user_online`
2026-04-26T21:20:05.056+08:00 [DEBU] {ae677cefb5eaa918f3f5ec107825fc1e} [  1 ms] [default] [gfast_v32] [rows:0  ] SELECT `id`,`uuid`,`token`,`create_time`,`user_name`,`ip`,`explorer`,`os` FROM `sys_user_online` ORDER BY `create_time` DESC LIMIT 0,50
2026-04-26T21:20:05.058+08:00 [DEBU] {ae677cefb5eaa918f3f5ec107825fc1e} [  2 ms] [default] [gfast_v32] [rows:4  ] SHOW FULL COLUMNS FROM `sys_job_log`
2026-04-26T21:20:05.064+08:00 [DEBU] {ae677cefb5eaa918f3f5ec107825fc1e} [  5 ms] [default] [gfast_v32] [rows:1  ] INSERT INTO `sys_job_log`(`target_name`,`created_at`,`result`) VALUES('checkUserOnline','2026-04-26 21:20:05','在线用户定时更新，执行成功') 
2026-04-26T21:20:25.053+08:00 [DEBU] {eaa8beedb5eaa918f2f5ec10fea70c3f} [  1 ms] [default] [gfast_v32] [rows:1  ] SELECT `job_id`,`job_name`,`job_params`,`job_group`,`invoke_target`,`cron_expression`,`misfire_policy`,`concurrent`,`status`,`created_by`,`updated_by`,`remark`,`created_at`,`updated_at` FROM `sys_job` WHERE `status`=0
2026-04-26T21:24:01.057+08:00 [DEBU] {5ef7cc32efeaa918f9f5ec108aa150ea} [ 12 ms] [default] [gfast_v32] [rows:22 ] SHOW FULL COLUMNS FROM `sys_user`
2026-04-26T21:24:01.061+08:00 [DEBU] {5ef7cc32efeaa918f9f5ec108aa150ea} [  4 ms] [default] [gfast_v32] [rows:1  ] SELECT `id`,`user_name`,`mobile`,`user_nickname`,`user_password`,`user_salt`,`user_status`,`is_admin`,`avatar`,`dept_id` FROM `sys_user` WHERE (`user_name`='demo') AND `deleted_at` IS NULL LIMIT 1
2026-04-26T21:24:01.070+08:00 [DEBU] {5ef7cc32efeaa918f9f5ec108aa150ea} [  8 ms] [default] [gfast_v32] [rows:1  ] UPDATE `sys_user` SET `last_login_ip`='20.0.0.1',`last_login_time`='2026-04-26 21:24:01' WHERE `id`=31
2026-04-26T21:24:01.081+08:00 [DEBU] {e606b834efeaa918fcf5ec10a6e096e7} [  5 ms] [default] [gfast_v32] [rows:7  ] SHOW FULL COLUMNS FROM `casbin_rule`
2026-04-26T21:24:01.087+08:00 [DEBU] {063b0535efeaa918fdf5ec103c0c8b79} [  6 ms] [default] [gfast_v32] [rows:98 ] SELECT `ptype`,`v0`,`v1`,`v2`,`v3`,`v4`,`v5` FROM `casbin_rule`
2026-04-26T21:24:01.097+08:00 [DEBU] {fe9cc235efeaa918fff5ec10dae7a240} [  1 ms] [default] [gfast_v32] [rows:0  ] SELECT `id` FROM `sys_user_online` WHERE `token`='7ZUSfVIf2HyYjcv86SKPPs29v003ECPEScsdYsYYqO34NPWToda7vzRxbAEp7oUu907P0gvg977z4eFjRLPmcKh9qzZQP27m4GfD5aN0CJVZ7+3olgsD9P9IvjfGtMrMq0fFyVHzeVxh2FsEsqxyvg==' LIMIT 1
2026-04-26T21:24:01.105+08:00 [DEBU] {fe9cc235efeaa918fff5ec10dae7a240} [  8 ms] [default] [gfast_v32] [rows:1  ] INSERT INTO `sys_user_online`(`uuid`,`token`,`create_time`,`user_name`,`ip`,`explorer`,`os`) VALUES('9175655d2e9293500662bfff0b05cc99','7ZUSfVIf2HyYjcv86SKPPs29v003ECPEScsdYsYYqO34NPWToda7vzRxbAEp7oUu907P0gvg977z4eFjRLPmcKh9qzZQP27m4GfD5aN0CJVZ7+3olgsD9P9IvjfGtMrMq0fFyVHzeVxh2FsEsqxyvg==','2026-04-26 21:24:01','demo','20.0.0.1','Chrome','Windows 10') 
2026-04-26T21:24:01.131+08:00 [DEBU] {4f955a34efeaa918faf5ec100bd7a4ee} [  3 ms] [default] [gfast_v32] [rows:10 ] SHOW FULL COLUMNS FROM `sys_login_log`
2026-04-26T21:24:01.139+08:00 [DEBU] {4f955a34efeaa918faf5ec100bd7a4ee} [  6 ms] [default] [gfast_v32] [rows:1  ] INSERT INTO `sys_login_log`(`login_name`,`ipaddr`,`login_location`,`browser`,`os`,`status`,`msg`,`login_time`,`module`) VALUES('demo','20.0.0.1','','Chrome','Windows 10',1,'登录成功','2026-04-26 21:24:01','系统后台') 
2026-04-26T21:24:22.465+08:00 [DEBU] {97a5352ff4eaa91804f6ec102c931ef7} [  4 ms] [default] [gfast_v32] [rows:14 ] SHOW FULL COLUMNS FROM `sys_notice`
2026-04-26T21:24:22.467+08:00 [DEBU] {97a5352ff4eaa91804f6ec102c931ef7} [  2 ms] [default] [gfast_v32] [rows:3  ] SELECT `id` FROM `sys_notice` WHERE ((`status`=1) AND (`type`=1)) AND `deleted_at` IS NULL
2026-04-26T21:24:22.472+08:00 [DEBU] {efa5352ff4eaa91803f6ec10a2c8d0b6} [  7 ms] [default] [gfast_v32] [rows:6  ] SHOW FULL COLUMNS FROM `sys_notice_read`
2026-04-26T21:24:22.474+08:00 [DEBU] {97a5352ff4eaa91804f6ec102c931ef7} [  1 ms] [default] [gfast_v32] [rows:1  ] SELECT COUNT(1) FROM `sys_notice` WHERE (`id` IN (1,7,8)) AND `deleted_at` IS NULL
2026-04-26T21:24:22.475+08:00 [DEBU] {efa5352ff4eaa91803f6ec10a2c8d0b6} [  2 ms] [default] [gfast_v32] [rows:1  ] SELECT COUNT(1) FROM `sys_notice` AS n LEFT JOIN `sys_notice_read` as nr ON (nr.notice_id=n.id AND nr.user_id=31) WHERE (n.type = 1) AND `n`.`deleted_at` IS NULL
2026-04-26T21:24:22.476+08:00 [DEBU] {97a5352ff4eaa91804f6ec102c931ef7} [  2 ms] [default] [gfast_v32] [rows:1  ] SELECT COUNT(1) FROM `sys_notice_read` WHERE (`notice_id` IN (1,7,8)) AND (`user_id`=31)
2026-04-26T21:24:22.478+08:00 [DEBU] {efa5352ff4eaa91803f6ec10a2c8d0b6} [  3 ms] [default] [gfast_v32] [rows:3  ] SELECT n.*,CASE WHEN nr.id IS NOT NULL THEN 1 ELSE 0 END AS isRead FROM `sys_notice` AS n LEFT JOIN `sys_notice_read` as nr ON (nr.notice_id=n.id AND nr.user_id=31) WHERE (n.type = 1) AND `n`.`deleted_at` IS NULL ORDER BY `n`.`id` desc LIMIT 0,10
2026-04-26T21:24:22.479+08:00 [DEBU] {97a5352ff4eaa91804f6ec102c931ef7} [  2 ms] [default] [gfast_v32] [rows:2  ] SELECT `id` FROM `sys_notice` WHERE ((`status`=1) AND (`type`=2) AND (JSON_CONTAINS(`receiver`,'31'))) AND `deleted_at` IS NULL
2026-04-26T21:24:22.481+08:00 [DEBU] {97a5352ff4eaa91804f6ec102c931ef7} [  2 ms] [default] [gfast_v32] [rows:1  ] SELECT COUNT(1) FROM `sys_notice` WHERE (`id` IN (2,6)) AND `deleted_at` IS NULL
2026-04-26T21:24:22.481+08:00 [DEBU] {efa5352ff4eaa91803f6ec10a2c8d0b6} [  2 ms] [default] [gfast_v32] [rows:1  ] SELECT `id`,`user_nickname` FROM `sys_user` WHERE (`id` IN(31)) AND `deleted_at` IS NULL
2026-04-26T21:24:22.482+08:00 [DEBU] {97a5352ff4eaa91804f6ec102c931ef7} [  1 ms] [default] [gfast_v32] [rows:1  ] SELECT COUNT(1) FROM `sys_notice_read` WHERE (`notice_id` IN (2,6)) AND (`user_id`=31)
2026-04-26T21:24:22.540+08:00 [DEBU] {26e9f430f4eaa91806f6ec102337d540} [  5 ms] [default] [gfast_v32] [rows:14 ] SHOW FULL COLUMNS FROM `sys_oper_log`
2026-04-26T21:24:22.547+08:00 [DEBU] {7d5be430f4eaa91805f6ec102641a6a2} [  5 ms] [default] [gfast_v32] [rows:1  ] INSERT INTO `sys_oper_log`(`title`,`method`,`request_method`,`operator_type`,`oper_name`,`dept_name`,`oper_url`,`oper_ip`,`oper_location`,`oper_param`,`oper_time`) VALUES('','/api/v1/system/sysNotice/listShow','GET',1,'demo','财务部门','/api/v1/system/sysNotice/listShow?pageNum=1&pageSize=10&type=1&isTrim=true','20.0.0.1','','{"isTrim":"true","pageNum":"1","pageSize":"10","type":"1"}','2026-04-26 21:24:22') 
2026-04-26T21:24:22.548+08:00 [DEBU] {26e9f430f4eaa91806f6ec102337d540} [  7 ms] [default] [gfast_v32] [rows:1  ] INSERT INTO `sys_oper_log`(`title`,`method`,`request_method`,`operator_type`,`oper_name`,`dept_name`,`oper_url`,`oper_ip`,`oper_location`,`oper_param`,`oper_time`) VALUES('','/api/v1/system/sysNotice/unReadCount','GET',1,'demo','财务部门','/api/v1/system/sysNotice/unReadCount','20.0.0.1','','{}','2026-04-26 21:24:22') 
2026-04-26T21:24:24.275+08:00 [DEBU] {8560589bf4eaa9180af6ec10e493b07e} [  1 ms] [default] [gfast_v32] [rows:1  ] SELECT COUNT(1) FROM `sys_notice` AS n LEFT JOIN `sys_notice_read` as nr ON (nr.notice_id=n.id AND nr.user_id=31) WHERE ((n.type = 2) AND (JSON_CONTAINS(n.receiver,'31'))) AND `n`.`deleted_at` IS NULL
2026-04-26T21:24:24.278+08:00 [DEBU] {8560589bf4eaa9180af6ec10e493b07e} [  2 ms] [default] [gfast_v32] [rows:2  ] SELECT n.*,CASE WHEN nr.id IS NOT NULL THEN 1 ELSE 0 END AS isRead FROM `sys_notice` AS n LEFT JOIN `sys_notice_read` as nr ON (nr.notice_id=n.id AND nr.user_id=31) WHERE ((n.type = 2) AND (JSON_CONTAINS(n.receiver,'31'))) AND `n`.`deleted_at` IS NULL ORDER BY `n`.`id` desc LIMIT 0,10
2026-04-26T21:24:24.280+08:00 [DEBU] {8560589bf4eaa9180af6ec10e493b07e} [  1 ms] [default] [gfast_v32] [rows:1  ] SELECT `id`,`user_nickname` FROM `sys_user` WHERE (`id` IN(31)) AND `deleted_at` IS NULL
2026-04-26T21:24:24.343+08:00 [DEBU] {ee9efc9bf4eaa9180bf6ec10dbb9e95d} [  8 ms] [default] [gfast_v32] [rows:1  ] INSERT INTO `sys_oper_log`(`title`,`method`,`request_method`,`operator_type`,`oper_name`,`dept_name`,`oper_url`,`oper_ip`,`oper_location`,`oper_param`,`oper_time`) VALUES('','/api/v1/system/sysNotice/listShow','GET',1,'demo','财务部门','/api/v1/system/sysNotice/listShow?pageNum=1&pageSize=10&type=2&isTrim=true','20.0.0.1','','{"isTrim":"true","pageNum":"1","pageSize":"10","type":"2"}','2026-04-26 21:24:24') 
2026-04-26T21:24:26.885+08:00 [DEBU] {cd57db36f5eaa9180ef6ec1042a36108} [  1 ms] [default] [gfast_v32] [rows:3  ] SELECT `id` FROM `sys_notice` WHERE ((`status`=1) AND (`type`=1)) AND `deleted_at` IS NULL
2026-04-26T21:24:26.885+08:00 [DEBU] {ab1be536f5eaa9180ff6ec10cc9f9705} [  1 ms] [default] [gfast_v32] [rows:1  ] SELECT COUNT(1) FROM `sys_notice_read` WHERE (`notice_id`=6) AND (`user_id`=31)
2026-04-26T21:24:26.886+08:00 [DEBU] {cd57db36f5eaa9180ef6ec1042a36108} [  1 ms] [default] [gfast_v32] [rows:1  ] SELECT COUNT(1) FROM `sys_notice` WHERE (`id` IN (1,7,8)) AND `deleted_at` IS NULL
2026-04-26T21:24:26.888+08:00 [DEBU] {cd57db36f5eaa9180ef6ec1042a36108} [  1 ms] [default] [gfast_v32] [rows:1  ] SELECT COUNT(1) FROM `sys_notice_read` WHERE (`notice_id` IN (1,7,8)) AND (`user_id`=31)
2026-04-26T21:24:26.889+08:00 [DEBU] {cd57db36f5eaa9180ef6ec1042a36108} [  1 ms] [default] [gfast_v32] [rows:2  ] SELECT `id` FROM `sys_notice` WHERE ((`status`=1) AND (`type`=2) AND (JSON_CONTAINS(`receiver`,'31'))) AND `deleted_at` IS NULL
2026-04-26T21:24:26.892+08:00 [DEBU] {cd57db36f5eaa9180ef6ec1042a36108} [  2 ms] [default] [gfast_v32] [rows:1  ] SELECT COUNT(1) FROM `sys_notice` WHERE (`id` IN (2,6)) AND `deleted_at` IS NULL
2026-04-26T21:24:26.894+08:00 [DEBU] {ab1be536f5eaa9180ff6ec10cc9f9705} [  9 ms] [default] [gfast_v32] [rows:1  ] INSERT INTO `sys_notice_read`(`notice_id`,`user_id`,`clicks`,`updated_at`,`created_at`) VALUES(6,31,0,'2026-04-26 21:24:26','2026-04-26 21:24:26') 
2026-04-26T21:24:26.896+08:00 [DEBU] {cd57db36f5eaa9180ef6ec1042a36108} [  3 ms] [default] [gfast_v32] [rows:1  ] SELECT COUNT(1) FROM `sys_notice_read` WHERE (`notice_id` IN (2,6)) AND (`user_id`=31)
2026-04-26T21:24:26.908+08:00 [DEBU] {367b3238f5eaa91814f6ec1097d4d074} [  2 ms] [default] [gfast_v32] [rows:1  ] SELECT COUNT(1) FROM `sys_notice` AS n LEFT JOIN `sys_notice_read` as nr ON (nr.notice_id=n.id AND nr.user_id=31) WHERE ((n.type = 2) AND (JSON_CONTAINS(n.receiver,'31'))) AND `n`.`deleted_at` IS NULL
2026-04-26T21:24:26.910+08:00 [DEBU] {367b3238f5eaa91814f6ec1097d4d074} [  2 ms] [default] [gfast_v32] [rows:2  ] SELECT n.*,CASE WHEN nr.id IS NOT NULL THEN 1 ELSE 0 END AS isRead FROM `sys_notice` AS n LEFT JOIN `sys_notice_read` as nr ON (nr.notice_id=n.id AND nr.user_id=31) WHERE ((n.type = 2) AND (JSON_CONTAINS(n.receiver,'31'))) AND `n`.`deleted_at` IS NULL ORDER BY `n`.`id` desc LIMIT 0,10
2026-04-26T21:24:26.912+08:00 [DEBU] {367b3238f5eaa91814f6ec1097d4d074} [  1 ms] [default] [gfast_v32] [rows:1  ] SELECT `id`,`user_nickname` FROM `sys_user` WHERE (`id` IN(31)) AND `deleted_at` IS NULL
2026-04-26T21:24:26.946+08:00 [DEBU] {fe4cb137f5eaa91810f6ec106a49682a} [  4 ms] [default] [gfast_v32] [rows:1  ] INSERT INTO `sys_oper_log`(`title`,`method`,`request_method`,`operator_type`,`oper_name`,`dept_name`,`oper_url`,`oper_ip`,`oper_location`,`oper_param`,`oper_time`) VALUES('','/api/v1/system/sysNoticeRead/readNotice','POST',1,'demo','财务部门','/api/v1/system/sysNoticeRead/readNotice','20.0.0.1','','{"noticeId":6}','2026-04-26 21:24:26') 
2026-04-26T21:24:26.947+08:00 [DEBU] {4fe9fb37f5eaa91812f6ec1083487a7e} [  6 ms] [default] [gfast_v32] [rows:1  ] INSERT INTO `sys_oper_log`(`title`,`method`,`request_method`,`operator_type`,`oper_name`,`dept_name`,`oper_url`,`oper_ip`,`oper_location`,`oper_param`,`oper_time`) VALUES('','/api/v1/system/sysNotice/unReadCount','GET',1,'demo','财务部门','/api/v1/system/sysNotice/unReadCount','20.0.0.1','','{}','2026-04-26 21:24:26') 
2026-04-26T21:24:26.971+08:00 [DEBU] {4983ec38f5eaa91815f6ec10697f8b83} [  6 ms] [default] [gfast_v32] [rows:1  ] INSERT INTO `sys_oper_log`(`title`,`method`,`request_method`,`operator_type`,`oper_name`,`dept_name`,`oper_url`,`oper_ip`,`oper_location`,`oper_param`,`oper_time`) VALUES('','/api/v1/system/sysNotice/listShow','GET',1,'demo','财务部门','/api/v1/system/sysNotice/listShow?pageNum=1&pageSize=10&type=2&isTrim=true','20.0.0.1','','{"isTrim":"true","pageNum":"1","pageSize":"10","type":"2"}','2026-04-26 21:24:26') 
2026-04-26T21:24:40.264+08:00 [DEBU] {49486054f8eaa9181bf6ec104c9e006e} [  1 ms] [default] [gfast_v32] [rows:1  ] SELECT COUNT(1) FROM `sys_notice` AS n WHERE `deleted_at` IS NULL
2026-04-26T21:24:40.265+08:00 [DEBU] {49486054f8eaa9181bf6ec104c9e006e} [  1 ms] [default] [gfast_v32] [rows:5  ] SELECT n.id,n.title,n.type,n.tag,n.remark,n.sort,n.status,n.created_by,n.created_at,SUM(nr.clicks) as clickNumber FROM `sys_notice` AS n LEFT JOIN `sys_notice_read` as nr ON (nr.notice_id=n.id) WHERE `n`.`deleted_at` IS NULL GROUP BY `n`.`id` ORDER BY `n`.`id` desc LIMIT 0,10
2026-04-26T21:24:40.267+08:00 [DEBU] {49486054f8eaa9181bf6ec104c9e006e} [  2 ms] [default] [gfast_v32] [rows:1  ] SELECT `id`,`user_nickname` FROM `sys_user` WHERE (`id` IN(31)) AND `deleted_at` IS NULL
2026-04-26T21:24:40.316+08:00 [DEBU] {b0e2d054f8eaa9181df6ec10cce7d691} [  6 ms] [default] [gfast_v32] [rows:1  ] INSERT INTO `sys_oper_log`(`title`,`method`,`request_method`,`operator_type`,`oper_name`,`dept_name`,`oper_url`,`oper_ip`,`oper_location`,`oper_param`,`oper_time`) VALUES('通知公告管理','/api/v1/system/sysNotice/list','GET',1,'demo','财务部门','/api/v1/system/sysNotice/list?pageNum=1&pageSize=10','20.0.0.1','','{"pageNum":"1","pageSize":"10"}','2026-04-26 21:24:40') 
2026-04-26T21:24:40.320+08:00 [DEBU] {6ee25c54f8eaa9181af6ec1011f2a9ef} [ 10 ms] [default] [gfast_v32] [rows:1  ] INSERT INTO `sys_oper_log`(`title`,`method`,`request_method`,`operator_type`,`oper_name`,`dept_name`,`oper_url`,`oper_ip`,`oper_location`,`oper_param`,`oper_time`) VALUES('','/api/v1/system/dict/data/getDictData','GET',1,'demo','财务部门','/api/v1/system/dict/data/getDictData?dictType=notice_tag&defaultValue=','20.0.0.1','','{"defaultValue":"","dictType":"notice_tag"}','2026-04-26 21:24:40') 
2026-04-26T21:24:45.506+08:00 [DEBU] {c6e6b58cf9eaa91820f6ec10f8cb6d49} [  1 ms] [default] [gfast_v32] [rows:1  ] SELECT COUNT(1) FROM `sys_notice` AS n LEFT JOIN `sys_notice_read` as nr ON (nr.notice_id=n.id AND nr.user_id=31) WHERE (n.type = 1) AND `n`.`deleted_at` IS NULL
2026-04-26T21:24:45.508+08:00 [DEBU] {c6e6b58cf9eaa91820f6ec10f8cb6d49} [  1 ms] [default] [gfast_v32] [rows:3  ] SELECT n.*,CASE WHEN nr.id IS NOT NULL THEN 1 ELSE 0 END AS isRead FROM `sys_notice` AS n LEFT JOIN `sys_notice_read` as nr ON (nr.notice_id=n.id AND nr.user_id=31) WHERE (n.type = 1) AND `n`.`deleted_at` IS NULL ORDER BY `n`.`id` desc LIMIT 0,10
2026-04-26T21:24:45.510+08:00 [DEBU] {c6e6b58cf9eaa91820f6ec10f8cb6d49} [  1 ms] [default] [gfast_v32] [rows:1  ] SELECT `id`,`user_nickname` FROM `sys_user` WHERE (`id` IN(31)) AND `deleted_at` IS NULL
2026-04-26T21:24:45.580+08:00 [DEBU] {e3b45b8df9eaa91821f6ec109075130b} [  8 ms] [default] [gfast_v32] [rows:1  ] INSERT INTO `sys_oper_log`(`title`,`method`,`request_method`,`operator_type`,`oper_name`,`dept_name`,`oper_url`,`oper_ip`,`oper_location`,`oper_param`,`oper_time`) VALUES('','/api/v1/system/sysNotice/listShow','GET',1,'demo','财务部门','/api/v1/system/sysNotice/listShow?pageNum=1&pageSize=10&type=1','20.0.0.1','','{"pageNum":"1","pageSize":"10","type":"1"}','2026-04-26 21:24:45') 
2026-04-26T21:30:05.056+08:00 [DEBU] {ae677cefb5eaa918f3f5ec107825fc1e} [  3 ms] [default] [gfast_v32] [rows:1  ] SELECT COUNT(1) FROM `sys_user_online`
2026-04-26T21:30:05.057+08:00 [DEBU] {ae677cefb5eaa918f3f5ec107825fc1e} [  1 ms] [default] [gfast_v32] [rows:1  ] SELECT `id`,`uuid`,`token`,`create_time`,`user_name`,`ip`,`explorer`,`os` FROM `sys_user_online` ORDER BY `create_time` DESC LIMIT 0,50
2026-04-26T21:30:05.060+08:00 [DEBU] {ae677cefb5eaa918f3f5ec107825fc1e} [  1 ms] [default] [gfast_v32] [rows:1  ] SELECT COUNT(1) FROM `sys_user_online`
2026-04-26T21:30:05.061+08:00 [DEBU] {ae677cefb5eaa918f3f5ec107825fc1e} [  0 ms] [default] [gfast_v32] [rows:0  ] SELECT `id`,`uuid`,`token`,`create_time`,`user_name`,`ip`,`explorer`,`os` FROM `sys_user_online` ORDER BY `create_time` DESC LIMIT 50,50
2026-04-26T21:30:05.068+08:00 [DEBU] {ae677cefb5eaa918f3f5ec107825fc1e} [  6 ms] [default] [gfast_v32] [rows:1  ] INSERT INTO `sys_job_log`(`target_name`,`created_at`,`result`) VALUES('checkUserOnline','2026-04-26 21:30:05','在线用户定时更新，执行成功') 
2026-04-26T21:35:57.049+08:00 [DEBU] {bad165e795eba9182ef6ec108473a1ef} [  7 ms] [default] [gfast_v32] [rows:14 ] SHOW FULL COLUMNS FROM `sys_dict_data`
2026-04-26T21:35:57.055+08:00 [DEBU] {3a9466e795eba9182ff6ec101eb0128e} [  6 ms] [default] [gfast_v32] [rows:10 ] SHOW FULL COLUMNS FROM `sys_dict_type`
2026-04-26T21:35:57.060+08:00 [DEBU] {3a9466e795eba9182ff6ec101eb0128e} [  4 ms] [default] [gfast_v32] [rows:31 ] SELECT `dict_id`,`pid`,`dict_name`,`dict_type`,`status`,`create_by`,`update_by`,`remark`,`created_at`,`updated_at` FROM `sys_dict_type` ORDER BY `dict_id` ASC
2026-04-26T21:35:57.065+08:00 [DEBU] {bad165e795eba9182ef6ec108473a1ef} [ 16 ms] [default] [gfast_v32] [rows:1  ] SELECT COUNT(1) FROM `sys_dict_data`
2026-04-26T21:35:57.067+08:00 [DEBU] {bad165e795eba9182ef6ec108473a1ef} [  1 ms] [default] [gfast_v32] [rows:20 ] SELECT `dict_code`,`dict_sort`,`dict_label`,`dict_value`,`dict_type`,`css_class`,`list_class`,`is_default`,`status`,`create_by`,`update_by`,`remark`,`created_at`,`updated_at` FROM `sys_dict_data` ORDER BY `dict_sort` asc,`dict_code` asc LIMIT 0,20
2026-04-26T21:35:57.121+08:00 [DEBU] {ec8013e995eba91830f6ec10f68b060a} [ 12 ms] [default] [gfast_v32] [rows:1  ] INSERT INTO `sys_oper_log`(`title`,`method`,`request_method`,`operator_type`,`oper_name`,`dept_name`,`oper_url`,`oper_ip`,`oper_location`,`oper_param`,`oper_time`) VALUES('','/api/v1/system/dict/type/optionSelect','GET',1,'demo','财务部门','/api/v1/system/dict/type/optionSelect?all=true','20.0.0.1','','{"all":"true"}','2026-04-26 21:35:57') 
2026-04-26T21:35:57.122+08:00 [DEBU] {55a65ae995eba91832f6ec105d242a93} [ 13 ms] [default] [gfast_v32] [rows:1  ] INSERT INTO `sys_oper_log`(`title`,`method`,`request_method`,`operator_type`,`oper_name`,`dept_name`,`oper_url`,`oper_ip`,`oper_location`,`oper_param`,`oper_time`) VALUES('','/api/v1/system/dict/data/list','GET',1,'demo','财务部门','/api/v1/system/dict/data/list?pageNum=1&pageSize=20&dictLabel=&status=','20.0.0.1','','{"dictLabel":"","pageNum":"1","pageSize":"20","status":""}','2026-04-26 21:35:57') 
2026-04-26T21:36:15.262+08:00 [DEBU] {e72531259aeba91835f6ec108c0a8398} [  5 ms] [default] [gfast_v32] [rows:26 ] SHOW FULL COLUMNS FROM `tools_gen_table`
2026-04-26T21:36:15.265+08:00 [DEBU] {e72531259aeba91835f6ec108c0a8398} [  3 ms] [default] [gfast_v32] [rows:1  ] SELECT COUNT(1) FROM `tools_gen_table`
2026-04-26T21:36:15.267+08:00 [DEBU] {e72531259aeba91835f6ec108c0a8398} [  1 ms] [default] [gfast_v32] [rows:9  ] SELECT `table_id`,`group`,`table_name`,`table_comment`,`class_name`,`tpl_category`,`package_name`,`module_name`,`business_name`,`function_name`,`function_author`,`options`,`create_time`,`update_time`,`remark`,`overwrite`,`sort_column`,`sort_type`,`show_detail`,`excel_port`,`excel_imp`,`use_snow_id`,`use_virtual`,`overwrite_info`,`menu_pid`,`attachments` FROM `tools_gen_table` ORDER BY `table_id` asc LIMIT 0,10
2026-04-26T21:36:15.327+08:00 [DEBU] {2f0a4d269aeba91836f6ec1083c66f41} [  6 ms] [default] [gfast_v32] [rows:1  ] INSERT INTO `sys_oper_log`(`title`,`method`,`request_method`,`operator_type`,`oper_name`,`dept_name`,`oper_url`,`oper_ip`,`oper_location`,`oper_param`,`oper_time`) VALUES('代码生成','/api/v1/system/tools/gen/tableList','GET',1,'demo','财务部门','/api/v1/system/tools/gen/tableList?tableName=&tableComment=&pageNum=1&pageSize=10','20.0.0.1','','{"pageNum":"1","pageSize":"10","tableComment":"","tableName":""}','2026-04-26 21:36:15') 
2026-04-26T21:36:21.178+08:00 [DEBU] {f65efe859beba9183af6ec100b29cf9e} [  1 ms] [default] [gfast_v32] [rows:1  ] SELECT `dict_name`,`remark` FROM `sys_dict_type` WHERE (`dict_type`='sys_upload_drive') AND (`status`=1) LIMIT 1
2026-04-26T21:36:21.186+08:00 [DEBU] {fab921869beba9183df6ec109fb1739a} [  8 ms] [default] [gfast_v32] [rows:14 ] SHOW FULL COLUMNS FROM `sys_attachment`
2026-04-26T21:36:21.189+08:00 [DEBU] {f65efe859beba9183af6ec100b29cf9e} [  1 ms] [default] [gfast_v32] [rows:4  ] SELECT `dict_value`,`dict_label`,`is_default`,`remark` FROM `sys_dict_data` WHERE (`dict_type`='sys_upload_drive') AND (`status`=1) ORDER BY `dict_sort` asc,`dict_code` asc
2026-04-26T21:36:21.189+08:00 [DEBU] {fab921869beba9183df6ec109fb1739a} [  2 ms] [default] [gfast_v32] [rows:1  ] SELECT COUNT(1) FROM `sys_attachment`
2026-04-26T21:36:21.191+08:00 [DEBU] {fab921869beba9183df6ec109fb1739a} [  1 ms] [default] [gfast_v32] [rows:8  ] SELECT `id`,`app_id`,`drive`,`name`,`kind`,`path`,`size`,`ext`,`status`,`created_at`,`updated_at` FROM `sys_attachment` ORDER BY `updated_at` desc,`id` desc LIMIT 0,10
2026-04-26T21:36:21.193+08:00 [DEBU] {316cfe859beba9183bf6ec10c9169a05} [  2 ms] [default] [gfast_v32] [rows:1  ] SELECT `dict_name`,`remark` FROM `sys_dict_type` WHERE (`dict_type`='sys_upload_file_type') AND (`status`=1) LIMIT 1
2026-04-26T21:36:21.195+08:00 [DEBU] {316cfe859beba9183bf6ec10c9169a05} [  2 ms] [default] [gfast_v32] [rows:6  ] SELECT `dict_value`,`dict_label`,`is_default`,`remark` FROM `sys_dict_data` WHERE (`dict_type`='sys_upload_file_type') AND (`status`=1) ORDER BY `dict_sort` asc,`dict_code` asc
2026-04-26T21:36:21.243+08:00 [DEBU] {f159c4879beba91842f6ec10641039e0} [  5 ms] [default] [gfast_v32] [rows:1  ] INSERT INTO `sys_oper_log`(`title`,`method`,`request_method`,`operator_type`,`oper_name`,`dept_name`,`oper_url`,`oper_ip`,`oper_location`,`oper_param`,`oper_time`) VALUES('','/api/v1/system/dict/data/getDictData','GET',1,'demo','财务部门','/api/v1/system/dict/data/getDictData?dictType=sys_upload_file_type&defaultValue=','20.0.0.1','','{"defaultValue":"","dictType":"sys_upload_file_type"}','2026-04-26 21:36:21') 
2026-04-26T21:36:21.250+08:00 [DEBU] {b4e47e879beba9183ef6ec10d0341be4} [  6 ms] [default] [gfast_v32] [rows:1  ] INSERT INTO `sys_oper_log`(`title`,`method`,`request_method`,`operator_type`,`oper_name`,`dept_name`,`oper_url`,`oper_ip`,`oper_location`,`oper_param`,`oper_time`) VALUES('','/api/v1/system/dict/data/getDictData','GET',1,'demo','财务部门','/api/v1/system/dict/data/getDictData?dictType=sys_upload_drive&defaultValue=','20.0.0.1','','{"defaultValue":"","dictType":"sys_upload_drive"}','2026-04-26 21:36:21') 
2026-04-26T21:36:21.253+08:00 [DEBU] {675d98879beba9183ff6ec108c4791a6} [ 10 ms] [default] [gfast_v32] [rows:1  ] INSERT INTO `sys_oper_log`(`title`,`method`,`request_method`,`operator_type`,`oper_name`,`dept_name`,`oper_url`,`oper_ip`,`oper_location`,`oper_param`,`oper_time`) VALUES('附件管理','/api/v1/system/sysAttachment/list','GET',1,'demo','财务部门','/api/v1/system/sysAttachment/list?pageNum=1&pageSize=10','20.0.0.1','','{"pageNum":"1","pageSize":"10"}','2026-04-26 21:36:21') 
2026-04-26T21:36:52.130+08:00 [DEBU] {ffffd7baa2eba91844f6ec10a147ffa8} [  2 ms] [default] [gfast_v32] [rows:3  ] SELECT `id` FROM `sys_notice` WHERE ((`status`=1) AND (`type`=1)) AND `deleted_at` IS NULL
2026-04-26T21:36:52.132+08:00 [DEBU] {39d1dabaa2eba91845f6ec10086e060b} [  4 ms] [default] [gfast_v32] [rows:1  ] SELECT COUNT(1) FROM `sys_notice` AS n LEFT JOIN `sys_notice_read` as nr ON (nr.notice_id=n.id AND nr.user_id=31) WHERE (n.type = 1) AND `n`.`deleted_at` IS NULL
2026-04-26T21:36:52.132+08:00 [DEBU] {ffffd7baa2eba91844f6ec10a147ffa8} [  1 ms] [default] [gfast_v32] [rows:1  ] SELECT COUNT(1) FROM `sys_notice` WHERE (`id` IN (1,7,8)) AND `deleted_at` IS NULL
2026-04-26T21:36:52.133+08:00 [DEBU] {ffffd7baa2eba91844f6ec10a147ffa8} [  1 ms] [default] [gfast_v32] [rows:1  ] SELECT COUNT(1) FROM `sys_notice_read` WHERE (`notice_id` IN (1,7,8)) AND (`user_id`=31)
2026-04-26T21:36:52.133+08:00 [DEBU] {39d1dabaa2eba91845f6ec10086e060b} [  0 ms] [default] [gfast_v32] [rows:3  ] SELECT n.*,CASE WHEN nr.id IS NOT NULL THEN 1 ELSE 0 END AS isRead FROM `sys_notice` AS n LEFT JOIN `sys_notice_read` as nr ON (nr.notice_id=n.id AND nr.user_id=31) WHERE (n.type = 1) AND `n`.`deleted_at` IS NULL ORDER BY `n`.`id` desc LIMIT 0,10
2026-04-26T21:36:52.134+08:00 [DEBU] {ffffd7baa2eba91844f6ec10a147ffa8} [  1 ms] [default] [gfast_v32] [rows:2  ] SELECT `id` FROM `sys_notice` WHERE ((`status`=1) AND (`type`=2) AND (JSON_CONTAINS(`receiver`,'31'))) AND `deleted_at` IS NULL
2026-04-26T21:36:52.135+08:00 [DEBU] {39d1dabaa2eba91845f6ec10086e060b} [  1 ms] [default] [gfast_v32] [rows:1  ] SELECT `id`,`user_nickname` FROM `sys_user` WHERE (`id` IN(31)) AND `deleted_at` IS NULL
2026-04-26T21:36:52.135+08:00 [DEBU] {ffffd7baa2eba91844f6ec10a147ffa8} [  0 ms] [default] [gfast_v32] [rows:1  ] SELECT COUNT(1) FROM `sys_notice` WHERE (`id` IN (2,6)) AND `deleted_at` IS NULL
2026-04-26T21:36:52.137+08:00 [DEBU] {ffffd7baa2eba91844f6ec10a147ffa8} [  1 ms] [default] [gfast_v32] [rows:1  ] SELECT COUNT(1) FROM `sys_notice_read` WHERE (`notice_id` IN (2,6)) AND (`user_id`=31)
2026-04-26T21:36:52.190+08:00 [DEBU] {a76dccbba2eba91848f6ec100fa58747} [  5 ms] [default] [gfast_v32] [rows:1  ] INSERT INTO `sys_oper_log`(`title`,`method`,`request_method`,`operator_type`,`oper_name`,`dept_name`,`oper_url`,`oper_ip`,`oper_location`,`oper_param`,`oper_time`) VALUES('','/api/v1/system/sysNotice/unReadCount','GET',1,'demo','财务部门','/api/v1/system/sysNotice/unReadCount','20.0.0.1','','{}','2026-04-26 21:36:52') 
2026-04-26T21:36:52.196+08:00 [DEBU] {9e4d8ebba2eba91846f6ec10a74fb3c8} [  6 ms] [default] [gfast_v32] [rows:1  ] INSERT INTO `sys_oper_log`(`title`,`method`,`request_method`,`operator_type`,`oper_name`,`dept_name`,`oper_url`,`oper_ip`,`oper_location`,`oper_param`,`oper_time`) VALUES('','/api/v1/system/sysNotice/listShow','GET',1,'demo','财务部门','/api/v1/system/sysNotice/listShow?pageNum=1&pageSize=10&type=1&isTrim=true','20.0.0.1','','{"isTrim":"true","pageNum":"1","pageSize":"10","type":"1"}','2026-04-26 21:36:52') 
2026-04-26T21:36:54.708+08:00 [DEBU] {2c668b54a3eba9184af6ec10c49bb856} [  1 ms] [default] [gfast_v32] [rows:1  ] SELECT COUNT(1) FROM `sys_notice` AS n LEFT JOIN `sys_notice_read` as nr ON (nr.notice_id=n.id AND nr.user_id=31) WHERE ((n.type = 2) AND (JSON_CONTAINS(n.receiver,'31'))) AND `n`.`deleted_at` IS NULL
2026-04-26T21:36:54.711+08:00 [DEBU] {2c668b54a3eba9184af6ec10c49bb856} [  2 ms] [default] [gfast_v32] [rows:2  ] SELECT n.*,CASE WHEN nr.id IS NOT NULL THEN 1 ELSE 0 END AS isRead FROM `sys_notice` AS n LEFT JOIN `sys_notice_read` as nr ON (nr.notice_id=n.id AND nr.user_id=31) WHERE ((n.type = 2) AND (JSON_CONTAINS(n.receiver,'31'))) AND `n`.`deleted_at` IS NULL ORDER BY `n`.`id` desc LIMIT 0,10
2026-04-26T21:36:54.713+08:00 [DEBU] {2c668b54a3eba9184af6ec10c49bb856} [  1 ms] [default] [gfast_v32] [rows:1  ] SELECT `id`,`user_nickname` FROM `sys_user` WHERE (`id` IN(31)) AND `deleted_at` IS NULL
2026-04-26T21:36:54.770+08:00 [DEBU] {4bd25555a3eba9184bf6ec102ae0c00b} [  6 ms] [default] [gfast_v32] [rows:1  ] INSERT INTO `sys_oper_log`(`title`,`method`,`request_method`,`operator_type`,`oper_name`,`dept_name`,`oper_url`,`oper_ip`,`oper_location`,`oper_param`,`oper_time`) VALUES('','/api/v1/system/sysNotice/listShow','GET',1,'demo','财务部门','/api/v1/system/sysNotice/listShow?pageNum=1&pageSize=10&type=2&isTrim=true','20.0.0.1','','{"isTrim":"true","pageNum":"1","pageSize":"10","type":"2"}','2026-04-26 21:36:54') 
2026-04-26T21:37:02.300+08:00 [DEBU] {90650f19a5eba9184df6ec10c1a55cb0} [  2 ms] [default] [gfast_v32] [rows:1  ] SELECT COUNT(1) FROM `sys_notice` AS n LEFT JOIN `sys_notice_read` as nr ON (nr.notice_id=n.id AND nr.user_id=31) WHERE (n.type = 1) AND `n`.`deleted_at` IS NULL
2026-04-26T21:37:02.302+08:00 [DEBU] {90650f19a5eba9184df6ec10c1a55cb0} [  2 ms] [default] [gfast_v32] [rows:3  ] SELECT n.*,CASE WHEN nr.id IS NOT NULL THEN 1 ELSE 0 END AS isRead FROM `sys_notice` AS n LEFT JOIN `sys_notice_read` as nr ON (nr.notice_id=n.id AND nr.user_id=31) WHERE (n.type = 1) AND `n`.`deleted_at` IS NULL ORDER BY `n`.`id` desc LIMIT 0,10
2026-04-26T21:37:02.304+08:00 [DEBU] {90650f19a5eba9184df6ec10c1a55cb0} [  1 ms] [default] [gfast_v32] [rows:1  ] SELECT `id`,`user_nickname` FROM `sys_user` WHERE (`id` IN(31)) AND `deleted_at` IS NULL
2026-04-26T21:37:02.371+08:00 [DEBU] {8086e419a5eba9184ef6ec10c9ad3b4e} [  9 ms] [default] [gfast_v32] [rows:1  ] INSERT INTO `sys_oper_log`(`title`,`method`,`request_method`,`operator_type`,`oper_name`,`dept_name`,`oper_url`,`oper_ip`,`oper_location`,`oper_param`,`oper_time`) VALUES('','/api/v1/system/sysNotice/listShow','GET',1,'demo','财务部门','/api/v1/system/sysNotice/listShow?pageNum=1&pageSize=10&type=1&isTrim=true','20.0.0.1','','{"isTrim":"true","pageNum":"1","pageSize":"10","type":"1"}','2026-04-26 21:37:02') 
2026-04-26T21:37:04.229+08:00 [DEBU] {14e9158ca5eba91850f6ec1055de5d58} [  1 ms] [default] [gfast_v32] [rows:1  ] SELECT COUNT(1) FROM `sys_notice` AS n LEFT JOIN `sys_notice_read` as nr ON (nr.notice_id=n.id AND nr.user_id=31) WHERE ((n.type = 2) AND (JSON_CONTAINS(n.receiver,'31'))) AND `n`.`deleted_at` IS NULL
2026-04-26T21:37:04.231+08:00 [DEBU] {14e9158ca5eba91850f6ec1055de5d58} [  1 ms] [default] [gfast_v32] [rows:2  ] SELECT n.*,CASE WHEN nr.id IS NOT NULL THEN 1 ELSE 0 END AS isRead FROM `sys_notice` AS n LEFT JOIN `sys_notice_read` as nr ON (nr.notice_id=n.id AND nr.user_id=31) WHERE ((n.type = 2) AND (JSON_CONTAINS(n.receiver,'31'))) AND `n`.`deleted_at` IS NULL ORDER BY `n`.`id` desc LIMIT 0,10
2026-04-26T21:37:04.232+08:00 [DEBU] {14e9158ca5eba91850f6ec1055de5d58} [  1 ms] [default] [gfast_v32] [rows:1  ] SELECT `id`,`user_nickname` FROM `sys_user` WHERE (`id` IN(31)) AND `deleted_at` IS NULL
2026-04-26T21:37:04.304+08:00 [DEBU] {9bd79e8ca5eba91851f6ec1097c9c2d5} [  8 ms] [default] [gfast_v32] [rows:1  ] INSERT INTO `sys_oper_log`(`title`,`method`,`request_method`,`operator_type`,`oper_name`,`dept_name`,`oper_url`,`oper_ip`,`oper_location`,`oper_param`,`oper_time`) VALUES('','/api/v1/system/sysNotice/listShow','GET',1,'demo','财务部门','/api/v1/system/sysNotice/listShow?pageNum=1&pageSize=10&type=2&isTrim=true','20.0.0.1','','{"isTrim":"true","pageNum":"1","pageSize":"10","type":"2"}','2026-04-26 21:37:04') 
2026-04-26T21:37:07.856+08:00 [DEBU] {765c3a64a6eba91853f6ec103dc9c178} [  2 ms] [default] [gfast_v32] [rows:1  ] SELECT COUNT(1) FROM `sys_notice` AS n LEFT JOIN `sys_notice_read` as nr ON (nr.notice_id=n.id AND nr.user_id=31) WHERE (n.type = 1) AND `n`.`deleted_at` IS NULL
2026-04-26T21:37:07.858+08:00 [DEBU] {765c3a64a6eba91853f6ec103dc9c178} [  2 ms] [default] [gfast_v32] [rows:3  ] SELECT n.*,CASE WHEN nr.id IS NOT NULL THEN 1 ELSE 0 END AS isRead FROM `sys_notice` AS n LEFT JOIN `sys_notice_read` as nr ON (nr.notice_id=n.id AND nr.user_id=31) WHERE (n.type = 1) AND `n`.`deleted_at` IS NULL ORDER BY `n`.`id` desc LIMIT 0,10
2026-04-26T21:37:07.860+08:00 [DEBU] {765c3a64a6eba91853f6ec103dc9c178} [  2 ms] [default] [gfast_v32] [rows:1  ] SELECT `id`,`user_nickname` FROM `sys_user` WHERE (`id` IN(31)) AND `deleted_at` IS NULL
2026-04-26T21:37:07.904+08:00 [DEBU] {3be0ec64a6eba91854f6ec10209362f4} [  8 ms] [default] [gfast_v32] [rows:1  ] INSERT INTO `sys_oper_log`(`title`,`method`,`request_method`,`operator_type`,`oper_name`,`dept_name`,`oper_url`,`oper_ip`,`oper_location`,`oper_param`,`oper_time`) VALUES('','/api/v1/system/sysNotice/listShow','GET',1,'demo','财务部门','/api/v1/system/sysNotice/listShow?pageNum=1&pageSize=10&type=1&isTrim=true','20.0.0.1','','{"isTrim":"true","pageNum":"1","pageSize":"10","type":"1"}','2026-04-26 21:37:07') 
2026-04-26T21:37:10.051+08:00 [DEBU] {d9761ae7a6eba91856f6ec10653490d6} [  1 ms] [default] [gfast_v32] [rows:1  ] SELECT COUNT(1) FROM `sys_notice` AS n LEFT JOIN `sys_notice_read` as nr ON (nr.notice_id=n.id AND nr.user_id=31) WHERE ((n.type = 2) AND (JSON_CONTAINS(n.receiver,'31'))) AND `n`.`deleted_at` IS NULL
2026-04-26T21:37:10.054+08:00 [DEBU] {d9761ae7a6eba91856f6ec10653490d6} [  2 ms] [default] [gfast_v32] [rows:2  ] SELECT n.*,CASE WHEN nr.id IS NOT NULL THEN 1 ELSE 0 END AS isRead FROM `sys_notice` AS n LEFT JOIN `sys_notice_read` as nr ON (nr.notice_id=n.id AND nr.user_id=31) WHERE ((n.type = 2) AND (JSON_CONTAINS(n.receiver,'31'))) AND `n`.`deleted_at` IS NULL ORDER BY `n`.`id` desc LIMIT 0,10
2026-04-26T21:37:10.055+08:00 [DEBU] {d9761ae7a6eba91856f6ec10653490d6} [  1 ms] [default] [gfast_v32] [rows:1  ] SELECT `id`,`user_nickname` FROM `sys_user` WHERE (`id` IN(31)) AND `deleted_at` IS NULL
2026-04-26T21:37:10.100+08:00 [DEBU] {ef02c8e7a6eba91857f6ec102d287fb8} [  5 ms] [default] [gfast_v32] [rows:1  ] INSERT INTO `sys_oper_log`(`title`,`method`,`request_method`,`operator_type`,`oper_name`,`dept_name`,`oper_url`,`oper_ip`,`oper_location`,`oper_param`,`oper_time`) VALUES('','/api/v1/system/sysNotice/listShow','GET',1,'demo','财务部门','/api/v1/system/sysNotice/listShow?pageNum=1&pageSize=10&type=2&isTrim=true','20.0.0.1','','{"isTrim":"true","pageNum":"1","pageSize":"10","type":"2"}','2026-04-26 21:37:10') 
2026-04-26T21:52:37.743+08:00 [DEBU] {0e66a1e57eeca91863ab050426644dbd} [  5 ms] [default] [gfast_v32] [rows:32 ] SHOW TABLES
2026-04-26T21:52:37.746+08:00 [DEBU] {0e66a1e57eeca91863ab050426644dbd} [  2 ms] [default] [gfast_v32] [rows:14 ] SHOW FULL COLUMNS FROM `sys_job`
2026-04-26T21:52:37.747+08:00 [DEBU] {0e66a1e57eeca91863ab050426644dbd} [  0 ms] [default] [gfast_v32] [rows:1  ] SELECT `job_id`,`job_name`,`job_params`,`job_group`,`invoke_target`,`cron_expression`,`misfire_policy`,`concurrent`,`status`,`created_by`,`updated_by`,`remark`,`created_at`,`updated_at` FROM `sys_job` WHERE `status`=0
2026-04-26T21:52:37.749+08:00 [DEBU] {0e66a1e57eeca91863ab050426644dbd} [  1 ms] [default] [gfast_v32] [rows:0  ] UPDATE `sys_job` SET `status`=0 WHERE `job_id`=8
2026-04-26T21:53:04.713+08:00 [DEBU] {2e28702d85eca9186bab0504c33b25a7} [  2 ms] [default] [gfast_v32] [rows:7  ] SHOW FULL COLUMNS FROM `casbin_rule`
2026-04-26T21:53:04.716+08:00 [DEBU] {83ef992d85eca9186cab0504591fff26} [  2 ms] [default] [gfast_v32] [rows:98 ] SELECT `ptype`,`v0`,`v1`,`v2`,`v3`,`v4`,`v5` FROM `casbin_rule`
2026-04-26T21:53:04.788+08:00 [DEBU] {08ce432e85eca9186eab0504af2800b9} [  3 ms] [default] [gfast_v32] [rows:14 ] SHOW FULL COLUMNS FROM `sys_oper_log`
2026-04-26T21:53:04.794+08:00 [DEBU] {08ce432e85eca9186eab0504af2800b9} [  6 ms] [default] [gfast_v32] [rows:1  ] INSERT INTO `sys_oper_log`(`title`,`method`,`request_method`,`operator_type`,`oper_name`,`dept_name`,`oper_url`,`oper_ip`,`oper_location`,`oper_param`,`oper_time`) VALUES('','/api/v1/system/user/getUserMenus','GET',1,'demo','财务部门','/api/v1/system/user/getUserMenus','20.0.0.1','','{}','2026-04-26 21:53:04') 
2026-04-26T21:53:07.724+08:00 [DEBU] {0e66a1e57eeca91863ab050426644dbd} [  1 ms] [default] [gfast_v32] [rows:1  ] SELECT `job_id`,`job_name`,`job_params`,`job_group`,`invoke_target`,`cron_expression`,`misfire_policy`,`concurrent`,`status`,`created_by`,`updated_by`,`remark`,`created_at`,`updated_at` FROM `sys_job` WHERE `status`=0
2026-04-26T22:00:05.728+08:00 [DEBU] {aae84ce67eeca91864ab05046507eea2} [  4 ms] [default] [gfast_v32] [rows:8  ] SHOW FULL COLUMNS FROM `sys_user_online`
2026-04-26T22:00:05.729+08:00 [DEBU] {aae84ce67eeca91864ab05046507eea2} [  0 ms] [default] [gfast_v32] [rows:1  ] SELECT COUNT(1) FROM `sys_user_online`
2026-04-26T22:00:05.731+08:00 [DEBU] {aae84ce67eeca91864ab05046507eea2} [  1 ms] [default] [gfast_v32] [rows:1  ] SELECT `id`,`uuid`,`token`,`create_time`,`user_name`,`ip`,`explorer`,`os` FROM `sys_user_online` ORDER BY `create_time` DESC LIMIT 0,50
2026-04-26T22:00:05.734+08:00 [DEBU] {aae84ce67eeca91864ab05046507eea2} [  0 ms] [default] [gfast_v32] [rows:1  ] SELECT COUNT(1) FROM `sys_user_online`
2026-04-26T22:00:05.735+08:00 [DEBU] {aae84ce67eeca91864ab05046507eea2} [  0 ms] [default] [gfast_v32] [rows:0  ] SELECT `id`,`uuid`,`token`,`create_time`,`user_name`,`ip`,`explorer`,`os` FROM `sys_user_online` ORDER BY `create_time` DESC LIMIT 50,50
2026-04-26T22:00:05.738+08:00 [DEBU] {aae84ce67eeca91864ab05046507eea2} [  2 ms] [default] [gfast_v32] [rows:4  ] SHOW FULL COLUMNS FROM `sys_job_log`
2026-04-26T22:00:05.745+08:00 [DEBU] {aae84ce67eeca91864ab05046507eea2} [  7 ms] [default] [gfast_v32] [rows:1  ] INSERT INTO `sys_job_log`(`target_name`,`created_at`,`result`) VALUES('checkUserOnline','2026-04-26 22:00:05','在线用户定时更新，执行成功') 
2026-04-26T22:10:05.826+08:00 [DEBU] {aae84ce67eeca91864ab05046507eea2} [  2 ms] [default] [gfast_v32] [rows:1  ] SELECT COUNT(1) FROM `sys_user_online`
2026-04-26T22:10:05.827+08:00 [DEBU] {aae84ce67eeca91864ab05046507eea2} [  1 ms] [default] [gfast_v32] [rows:1  ] SELECT `id`,`uuid`,`token`,`create_time`,`user_name`,`ip`,`explorer`,`os` FROM `sys_user_online` ORDER BY `create_time` DESC LIMIT 0,50
2026-04-26T22:10:05.829+08:00 [DEBU] {aae84ce67eeca91864ab05046507eea2} [  0 ms] [default] [gfast_v32] [rows:1  ] SELECT COUNT(1) FROM `sys_user_online`
2026-04-26T22:10:05.830+08:00 [DEBU] {aae84ce67eeca91864ab05046507eea2} [  0 ms] [default] [gfast_v32] [rows:0  ] SELECT `id`,`uuid`,`token`,`create_time`,`user_name`,`ip`,`explorer`,`os` FROM `sys_user_online` ORDER BY `create_time` DESC LIMIT 50,50
2026-04-26T22:10:05.838+08:00 [DEBU] {aae84ce67eeca91864ab05046507eea2} [  7 ms] [default] [gfast_v32] [rows:1  ] INSERT INTO `sys_job_log`(`target_name`,`created_at`,`result`) VALUES('checkUserOnline','2026-04-26 22:10:05','在线用户定时更新，执行成功') 
2026-04-26T22:20:05.825+08:00 [DEBU] {aae84ce67eeca91864ab05046507eea2} [  3 ms] [default] [gfast_v32] [rows:1  ] SELECT COUNT(1) FROM `sys_user_online`
2026-04-26T22:20:05.826+08:00 [DEBU] {aae84ce67eeca91864ab05046507eea2} [  1 ms] [default] [gfast_v32] [rows:1  ] SELECT `id`,`uuid`,`token`,`create_time`,`user_name`,`ip`,`explorer`,`os` FROM `sys_user_online` ORDER BY `create_time` DESC LIMIT 0,50
2026-04-26T22:20:05.829+08:00 [DEBU] {aae84ce67eeca91864ab05046507eea2} [  1 ms] [default] [gfast_v32] [rows:1  ] SELECT COUNT(1) FROM `sys_user_online`
2026-04-26T22:20:05.830+08:00 [DEBU] {aae84ce67eeca91864ab05046507eea2} [  1 ms] [default] [gfast_v32] [rows:0  ] SELECT `id`,`uuid`,`token`,`create_time`,`user_name`,`ip`,`explorer`,`os` FROM `sys_user_online` ORDER BY `create_time` DESC LIMIT 50,50
2026-04-26T22:20:05.840+08:00 [DEBU] {aae84ce67eeca91864ab05046507eea2} [ 10 ms] [default] [gfast_v32] [rows:1  ] INSERT INTO `sys_job_log`(`target_name`,`created_at`,`result`) VALUES('checkUserOnline','2026-04-26 22:20:05','在线用户定时更新，执行成功') 
2026-04-26T22:30:05.924+08:00 [DEBU] {aae84ce67eeca91864ab05046507eea2} [  2 ms] [default] [gfast_v32] [rows:1  ] SELECT COUNT(1) FROM `sys_user_online`
2026-04-26T22:30:05.926+08:00 [DEBU] {aae84ce67eeca91864ab05046507eea2} [  1 ms] [default] [gfast_v32] [rows:1  ] SELECT `id`,`uuid`,`token`,`create_time`,`user_name`,`ip`,`explorer`,`os` FROM `sys_user_online` ORDER BY `create_time` DESC LIMIT 0,50
2026-04-26T22:30:05.929+08:00 [DEBU] {aae84ce67eeca91864ab05046507eea2} [  1 ms] [default] [gfast_v32] [rows:1  ] SELECT COUNT(1) FROM `sys_user_online`
2026-04-26T22:30:05.930+08:00 [DEBU] {aae84ce67eeca91864ab05046507eea2} [  1 ms] [default] [gfast_v32] [rows:0  ] SELECT `id`,`uuid`,`token`,`create_time`,`user_name`,`ip`,`explorer`,`os` FROM `sys_user_online` ORDER BY `create_time` DESC LIMIT 50,50
2026-04-26T22:30:05.938+08:00 [DEBU] {aae84ce67eeca91864ab05046507eea2} [  8 ms] [default] [gfast_v32] [rows:1  ] INSERT INTO `sys_job_log`(`target_name`,`created_at`,`result`) VALUES('checkUserOnline','2026-04-26 22:30:05','在线用户定时更新，执行成功') 
2026-04-26T22:40:05.025+08:00 [DEBU] {aae84ce67eeca91864ab05046507eea2} [  2 ms] [default] [gfast_v32] [rows:1  ] SELECT COUNT(1) FROM `sys_user_online`
2026-04-26T22:40:05.026+08:00 [DEBU] {aae84ce67eeca91864ab05046507eea2} [  0 ms] [default] [gfast_v32] [rows:1  ] SELECT `id`,`uuid`,`token`,`create_time`,`user_name`,`ip`,`explorer`,`os` FROM `sys_user_online` ORDER BY `create_time` DESC LIMIT 0,50
2026-04-26T22:40:05.030+08:00 [DEBU] {aae84ce67eeca91864ab05046507eea2} [  1 ms] [default] [gfast_v32] [rows:1  ] SELECT COUNT(1) FROM `sys_user_online`
2026-04-26T22:40:05.031+08:00 [DEBU] {aae84ce67eeca91864ab05046507eea2} [  1 ms] [default] [gfast_v32] [rows:0  ] SELECT `id`,`uuid`,`token`,`create_time`,`user_name`,`ip`,`explorer`,`os` FROM `sys_user_online` ORDER BY `create_time` DESC LIMIT 50,50
2026-04-26T22:40:05.173+08:00 [DEBU] {aae84ce67eeca91864ab05046507eea2} [142 ms] [default] [gfast_v32] [rows:1  ] INSERT INTO `sys_job_log`(`target_name`,`created_at`,`result`) VALUES('checkUserOnline','2026-04-26 22:40:05','在线用户定时更新，执行成功') 
2026-04-26T22:50:05.024+08:00 [DEBU] {aae84ce67eeca91864ab05046507eea2} [  2 ms] [default] [gfast_v32] [rows:1  ] SELECT COUNT(1) FROM `sys_user_online`
2026-04-26T22:50:05.025+08:00 [DEBU] {aae84ce67eeca91864ab05046507eea2} [  0 ms] [default] [gfast_v32] [rows:1  ] SELECT `id`,`uuid`,`token`,`create_time`,`user_name`,`ip`,`explorer`,`os` FROM `sys_user_online` ORDER BY `create_time` DESC LIMIT 0,50
2026-04-26T22:50:05.028+08:00 [DEBU] {aae84ce67eeca91864ab05046507eea2} [  0 ms] [default] [gfast_v32] [rows:1  ] SELECT COUNT(1) FROM `sys_user_online`
2026-04-26T22:50:05.029+08:00 [DEBU] {aae84ce67eeca91864ab05046507eea2} [  0 ms] [default] [gfast_v32] [rows:0  ] SELECT `id`,`uuid`,`token`,`create_time`,`user_name`,`ip`,`explorer`,`os` FROM `sys_user_online` ORDER BY `create_time` DESC LIMIT 50,50
2026-04-26T22:50:05.037+08:00 [DEBU] {aae84ce67eeca91864ab05046507eea2} [  7 ms] [default] [gfast_v32] [rows:1  ] INSERT INTO `sys_job_log`(`target_name`,`created_at`,`result`) VALUES('checkUserOnline','2026-04-26 22:50:05','在线用户定时更新，执行成功') 
2026-04-26T23:00:05.325+08:00 [DEBU] {aae84ce67eeca91864ab05046507eea2} [  2 ms] [default] [gfast_v32] [rows:1  ] SELECT COUNT(1) FROM `sys_user_online`
2026-04-26T23:00:05.326+08:00 [DEBU] {aae84ce67eeca91864ab05046507eea2} [  1 ms] [default] [gfast_v32] [rows:1  ] SELECT `id`,`uuid`,`token`,`create_time`,`user_name`,`ip`,`explorer`,`os` FROM `sys_user_online` ORDER BY `create_time` DESC LIMIT 0,50
2026-04-26T23:00:05.328+08:00 [DEBU] {aae84ce67eeca91864ab05046507eea2} [  0 ms] [default] [gfast_v32] [rows:1  ] SELECT COUNT(1) FROM `sys_user_online`
2026-04-26T23:00:05.329+08:00 [DEBU] {aae84ce67eeca91864ab05046507eea2} [  0 ms] [default] [gfast_v32] [rows:0  ] SELECT `id`,`uuid`,`token`,`create_time`,`user_name`,`ip`,`explorer`,`os` FROM `sys_user_online` ORDER BY `create_time` DESC LIMIT 50,50
2026-04-26T23:00:05.335+08:00 [DEBU] {aae84ce67eeca91864ab05046507eea2} [  5 ms] [default] [gfast_v32] [rows:1  ] INSERT INTO `sys_job_log`(`target_name`,`created_at`,`result`) VALUES('checkUserOnline','2026-04-26 23:00:05','在线用户定时更新，执行成功') 
2026-04-26T23:10:05.326+08:00 [DEBU] {aae84ce67eeca91864ab05046507eea2} [  2 ms] [default] [gfast_v32] [rows:1  ] SELECT COUNT(1) FROM `sys_user_online`
2026-04-26T23:10:05.328+08:00 [DEBU] {aae84ce67eeca91864ab05046507eea2} [  1 ms] [default] [gfast_v32] [rows:1  ] SELECT `id`,`uuid`,`token`,`create_time`,`user_name`,`ip`,`explorer`,`os` FROM `sys_user_online` ORDER BY `create_time` DESC LIMIT 0,50
2026-04-26T23:10:05.331+08:00 [DEBU] {aae84ce67eeca91864ab05046507eea2} [  1 ms] [default] [gfast_v32] [rows:1  ] SELECT COUNT(1) FROM `sys_user_online`
2026-04-26T23:10:05.332+08:00 [DEBU] {aae84ce67eeca91864ab05046507eea2} [  0 ms] [default] [gfast_v32] [rows:0  ] SELECT `id`,`uuid`,`token`,`create_time`,`user_name`,`ip`,`explorer`,`os` FROM `sys_user_online` ORDER BY `create_time` DESC LIMIT 50,50
2026-04-26T23:10:05.338+08:00 [DEBU] {aae84ce67eeca91864ab05046507eea2} [  5 ms] [default] [gfast_v32] [rows:1  ] INSERT INTO `sys_job_log`(`target_name`,`created_at`,`result`) VALUES('checkUserOnline','2026-04-26 23:10:05','在线用户定时更新，执行成功') 
2026-04-26T23:20:05.427+08:00 [DEBU] {aae84ce67eeca91864ab05046507eea2} [  2 ms] [default] [gfast_v32] [rows:1  ] SELECT COUNT(1) FROM `sys_user_online`
2026-04-26T23:20:05.428+08:00 [DEBU] {aae84ce67eeca91864ab05046507eea2} [  0 ms] [default] [gfast_v32] [rows:1  ] SELECT `id`,`uuid`,`token`,`create_time`,`user_name`,`ip`,`explorer`,`os` FROM `sys_user_online` ORDER BY `create_time` DESC LIMIT 0,50
2026-04-26T23:20:05.431+08:00 [DEBU] {aae84ce67eeca91864ab05046507eea2} [  0 ms] [default] [gfast_v32] [rows:1  ] SELECT COUNT(1) FROM `sys_user_online`
2026-04-26T23:20:05.432+08:00 [DEBU] {aae84ce67eeca91864ab05046507eea2} [  0 ms] [default] [gfast_v32] [rows:0  ] SELECT `id`,`uuid`,`token`,`create_time`,`user_name`,`ip`,`explorer`,`os` FROM `sys_user_online` ORDER BY `create_time` DESC LIMIT 50,50
2026-04-26T23:20:05.441+08:00 [DEBU] {aae84ce67eeca91864ab05046507eea2} [  8 ms] [default] [gfast_v32] [rows:1  ] INSERT INTO `sys_job_log`(`target_name`,`created_at`,`result`) VALUES('checkUserOnline','2026-04-26 23:20:05','在线用户定时更新，执行成功') 
2026-04-26T23:30:05.427+08:00 [DEBU] {aae84ce67eeca91864ab05046507eea2} [  2 ms] [default] [gfast_v32] [rows:1  ] SELECT COUNT(1) FROM `sys_user_online`
2026-04-26T23:30:05.428+08:00 [DEBU] {aae84ce67eeca91864ab05046507eea2} [  0 ms] [default] [gfast_v32] [rows:1  ] SELECT `id`,`uuid`,`token`,`create_time`,`user_name`,`ip`,`explorer`,`os` FROM `sys_user_online` ORDER BY `create_time` DESC LIMIT 0,50
2026-04-26T23:30:05.431+08:00 [DEBU] {aae84ce67eeca91864ab05046507eea2} [  0 ms] [default] [gfast_v32] [rows:1  ] SELECT COUNT(1) FROM `sys_user_online`
2026-04-26T23:30:05.432+08:00 [DEBU] {aae84ce67eeca91864ab05046507eea2} [  0 ms] [default] [gfast_v32] [rows:0  ] SELECT `id`,`uuid`,`token`,`create_time`,`user_name`,`ip`,`explorer`,`os` FROM `sys_user_online` ORDER BY `create_time` DESC LIMIT 50,50
2026-04-26T23:30:05.440+08:00 [DEBU] {aae84ce67eeca91864ab05046507eea2} [  7 ms] [default] [gfast_v32] [rows:1  ] INSERT INTO `sys_job_log`(`target_name`,`created_at`,`result`) VALUES('checkUserOnline','2026-04-26 23:30:05','在线用户定时更新，执行成功') 
2026-04-26T23:40:05.527+08:00 [DEBU] {aae84ce67eeca91864ab05046507eea2} [  3 ms] [default] [gfast_v32] [rows:1  ] SELECT COUNT(1) FROM `sys_user_online`
2026-04-26T23:40:05.528+08:00 [DEBU] {aae84ce67eeca91864ab05046507eea2} [  1 ms] [default] [gfast_v32] [rows:1  ] SELECT `id`,`uuid`,`token`,`create_time`,`user_name`,`ip`,`explorer`,`os` FROM `sys_user_online` ORDER BY `create_time` DESC LIMIT 0,50
2026-04-26T23:40:05.531+08:00 [DEBU] {aae84ce67eeca91864ab05046507eea2} [  1 ms] [default] [gfast_v32] [rows:1  ] SELECT COUNT(1) FROM `sys_user_online`
2026-04-26T23:40:05.532+08:00 [DEBU] {aae84ce67eeca91864ab05046507eea2} [  1 ms] [default] [gfast_v32] [rows:0  ] SELECT `id`,`uuid`,`token`,`create_time`,`user_name`,`ip`,`explorer`,`os` FROM `sys_user_online` ORDER BY `create_time` DESC LIMIT 50,50
2026-04-26T23:40:05.540+08:00 [DEBU] {aae84ce67eeca91864ab05046507eea2} [  8 ms] [default] [gfast_v32] [rows:1  ] INSERT INTO `sys_job_log`(`target_name`,`created_at`,`result`) VALUES('checkUserOnline','2026-04-26 23:40:05','在线用户定时更新，执行成功') 
2026-04-26T23:50:05.625+08:00 [DEBU] {aae84ce67eeca91864ab05046507eea2} [  2 ms] [default] [gfast_v32] [rows:1  ] SELECT COUNT(1) FROM `sys_user_online`
2026-04-26T23:50:05.626+08:00 [DEBU] {aae84ce67eeca91864ab05046507eea2} [  0 ms] [default] [gfast_v32] [rows:1  ] SELECT `id`,`uuid`,`token`,`create_time`,`user_name`,`ip`,`explorer`,`os` FROM `sys_user_online` ORDER BY `create_time` DESC LIMIT 0,50
2026-04-26T23:50:05.629+08:00 [DEBU] {aae84ce67eeca91864ab05046507eea2} [  0 ms] [default] [gfast_v32] [rows:1  ] SELECT COUNT(1) FROM `sys_user_online`
2026-04-26T23:50:05.631+08:00 [DEBU] {aae84ce67eeca91864ab05046507eea2} [  1 ms] [default] [gfast_v32] [rows:0  ] SELECT `id`,`uuid`,`token`,`create_time`,`user_name`,`ip`,`explorer`,`os` FROM `sys_user_online` ORDER BY `create_time` DESC LIMIT 50,50
2026-04-26T23:50:05.637+08:00 [DEBU] {aae84ce67eeca91864ab05046507eea2} [  6 ms] [default] [gfast_v32] [rows:1  ] INSERT INTO `sys_job_log`(`target_name`,`created_at`,`result`) VALUES('checkUserOnline','2026-04-26 23:50:05','在线用户定时更新，执行成功') 
